MPLINK 5.08, LINKER
Linker Map File - Created Wed Jun 25 20:39:47 2025

                                 Section Info
                  Section       Type    Address   Location Size(Bytes)
                ---------  ---------  ---------  ---------  ---------
                   .org_0       code   0x000000    program   0x00002a
.config_300000_LABORATORIO_2.O    romdata   0x300000    program   0x000001
.config_300001_LABORATORIO_2.O    romdata   0x300001    program   0x000001
.config_300002_LABORATORIO_2.O    romdata   0x300002    program   0x000001
.config_300003_LABORATORIO_2.O    romdata   0x300003    program   0x000001
.config_300005_LABORATORIO_2.O    romdata   0x300005    program   0x000001
.config_300006_LABORATORIO_2.O    romdata   0x300006    program   0x000001
.config_300008_LABORATORIO_2.O    romdata   0x300008    program   0x000001
.config_300009_LABORATORIO_2.O    romdata   0x300009    program   0x000001
.config_30000A_LABORATORIO_2.O    romdata   0x30000a    program   0x000001
.config_30000B_LABORATORIO_2.O    romdata   0x30000b    program   0x000001
.config_30000C_LABORATORIO_2.O    romdata   0x30000c    program   0x000001
.config_30000D_LABORATORIO_2.O    romdata   0x30000d    program   0x000001



                              Program Memory Usage 
                               Start         End      
                           ---------   ---------      
                            0x000000    0x000029      
                            0x300000    0x300003      
                            0x300005    0x300006      
                            0x300008    0x30000d      
            54 out of 33048 program addresses used, program memory utilization is 0%



                              Symbols - Sorted by Name
                     Name    Address   Location    Storage File                     
                ---------  ---------  ---------  --------- ---------                
                 AMARILLO   0x000016    program     static C:\Users\USER\Desktop\Archivos U\Microcontroladores\Microcontroladores\Laboratorios\Lab2\laboratorio_2.X\laboratorio_2.asm
                     AZUL   0x00000a    program     static C:\Users\USER\Desktop\Archivos U\Microcontroladores\Microcontroladores\Laboratorios\Lab2\laboratorio_2.X\laboratorio_2.asm
                   BLANCO   0x00001a    program     static C:\Users\USER\Desktop\Archivos U\Microcontroladores\Microcontroladores\Laboratorios\Lab2\laboratorio_2.X\laboratorio_2.asm
                     CYAN   0x00000e    program     static C:\Users\USER\Desktop\Archivos U\Microcontroladores\Microcontroladores\Laboratorios\Lab2\laboratorio_2.X\laboratorio_2.asm
                   Inicio   0x000000    program     static C:\Users\USER\Desktop\Archivos U\Microcontroladores\Microcontroladores\Laboratorios\Lab2\laboratorio_2.X\laboratorio_2.asm
                  MAGENTA   0x00001e    program     static C:\Users\USER\Desktop\Archivos U\Microcontroladores\Microcontroladores\Laboratorios\Lab2\laboratorio_2.X\laboratorio_2.asm
                     Main   0x000006    program     static C:\Users\USER\Desktop\Archivos U\Microcontroladores\Microcontroladores\Laboratorios\Lab2\laboratorio_2.X\laboratorio_2.asm
                    NEGRO   0x000006    program     static C:\Users\USER\Desktop\Archivos U\Microcontroladores\Microcontroladores\Laboratorios\Lab2\laboratorio_2.X\laboratorio_2.asm
                     ROJO   0x000022    program     static C:\Users\USER\Desktop\Archivos U\Microcontroladores\Microcontroladores\Laboratorios\Lab2\laboratorio_2.X\laboratorio_2.asm
                    VERDE   0x000012    program     static C:\Users\USER\Desktop\Archivos U\Microcontroladores\Microcontroladores\Laboratorios\Lab2\laboratorio_2.X\laboratorio_2.asm



                              Symbols - Sorted by Address
                     Name    Address   Location    Storage File                     
                ---------  ---------  ---------  --------- ---------                
                   Inicio   0x000000    program     static C:\Users\USER\Desktop\Archivos U\Microcontroladores\Microcontroladores\Laboratorios\Lab2\laboratorio_2.X\laboratorio_2.asm
                     Main   0x000006    program     static C:\Users\USER\Desktop\Archivos U\Microcontroladores\Microcontroladores\Laboratorios\Lab2\laboratorio_2.X\laboratorio_2.asm
                    NEGRO   0x000006    program     static C:\Users\USER\Desktop\Archivos U\Microcontroladores\Microcontroladores\Laboratorios\Lab2\laboratorio_2.X\laboratorio_2.asm
                     AZUL   0x00000a    program     static C:\Users\USER\Desktop\Archivos U\Microcontroladores\Microcontroladores\Laboratorios\Lab2\laboratorio_2.X\laboratorio_2.asm
                     CYAN   0x00000e    program     static C:\Users\USER\Desktop\Archivos U\Microcontroladores\Microcontroladores\Laboratorios\Lab2\laboratorio_2.X\laboratorio_2.asm
                    VERDE   0x000012    program     static C:\Users\USER\Desktop\Archivos U\Microcontroladores\Microcontroladores\Laboratorios\Lab2\laboratorio_2.X\laboratorio_2.asm
                 AMARILLO   0x000016    program     static C:\Users\USER\Desktop\Archivos U\Microcontroladores\Microcontroladores\Laboratorios\Lab2\laboratorio_2.X\laboratorio_2.asm
                   BLANCO   0x00001a    program     static C:\Users\USER\Desktop\Archivos U\Microcontroladores\Microcontroladores\Laboratorios\Lab2\laboratorio_2.X\laboratorio_2.asm
                  MAGENTA   0x00001e    program     static C:\Users\USER\Desktop\Archivos U\Microcontroladores\Microcontroladores\Laboratorios\Lab2\laboratorio_2.X\laboratorio_2.asm
                     ROJO   0x000022    program     static C:\Users\USER\Desktop\Archivos U\Microcontroladores\Microcontroladores\Laboratorios\Lab2\laboratorio_2.X\laboratorio_2.asm


