Microchip MPLAB XC8 Compiler V2.50

Linker command line:

-W-3 \
  --edf=C:\Program Files\Microchip\xc8\v2.50\pic\dat\20240725155939_en.msgs \
  -cn -h+dist/default/production\laboratorio_4.X.production.sym \
  --cmf=dist/default/production\laboratorio_4.X.production.cmf -z -Q18F4550 \
  -oC:\Users\CARLOS~1\AppData\Local\Temp\xcAsess.\driver_tmp_3.obj \
  -Mdist/default/production/laboratorio_4.X.production.map \
  --md=C:\Users\CARLOS~1\AppData\Local\Temp\xcAsess.\driver_tmp_0.dat -E1 \
  -ver=XC8 Compiler -ACODE=00h-07FFFh -ACONST=00h-07FFFh \
  -ASMALLCONST=0800h-08FFhx120 -AMEDIUMCONST=0800h-07FFFh -ACOMRAM=01h-05Fh \
  -AABS1=00h-07FFh -ABIGRAM=01h-07FFh -ARAM=060h-0FFh,0100h-01FFhx7 \
  -ABANK0=060h-0FFh -ABANK1=0100h-01FFh -ABANK2=0200h-02FFh \
  -ABANK3=0300h-03FFh -ABANK4=0400h-04FFh -ABANK5=0500h-05FFh \
  -ABANK6=0600h-06FFh -ABANK7=0700h-07FFh -ASFR=0F60h-0FFFh \
  -ABIGSFR=0F60h-0FFFh -ACONFIG=0300000h-030000Dh -AIDLOC=0200000h-0200007h \
  -AEEDATA=0F00000h-0F000FFh -peeprom_data=EEDATA \
  -preset_vec=00h,intcode=8h,intcodelo,powerup,init -pramtop=0800h \
  -psmallconst=SMALLCONST -pmediumconst=MEDIUMCONST -pconst=CONST \
  -AFARRAM=00h-00h \
  -prdata=COMRAM,nvrram=COMRAM,nvbit=COMRAM,rbss=COMRAM,rbit=COMRAM \
  -pfarbss=FARRAM,fardata=FARRAM,nvFARRAM=FARRAM \
  -pintsave_regs=BIGRAM,bigbss=BIGRAM,bigdata=BIGRAM -pbss=RAM \
  -pidata=CODE,irdata=CODE,ibigdata=CODE,ifardata=CODE -prparam=COMRAM \
  C:\Users\CARLOS~1\AppData\Local\Temp\xcAsess.\driver_tmp_9.obj \
  dist/default/production\laboratorio_4.X.production.obj 

Object code version is 3.11

Machine type is 18F4550



                Name                               Link     Load   Length Selector   Space Scale
C:\Users\CARLOS~1\AppData\Local\Temp\xcAsess.\driver_tmp_9.obj
                idloc                            200000   200000        8        0       5
                config                           300000   300000        E        0       4
                init                                  E        E        4        4       0
                reset_vec                             0        0        4        0       0
dist/default/production\laboratorio_4.X.production.obj
                intcode                               8        8        6        4       0
                idloc                            200000   200000        8        0       5
                config                           300000   300000        E        0       4
                temp                                 4D       4D        1        1       1
                smallconst                          800      800       CE      400       0
                text34                             134C     134C       D2      467       0
                text33                             1A66     1A66       10      467       0
                text32                             19DE     19DE       24      467       0
                text31                             127A     127A       D2      467       0
                text30                             1992     1992       28      467       0
                text29                             1940     1940       2A      467       0
                text28                             14A0     14A0       82      467       0
                text27                             1590     1590       6E      467       0
                text26                             1766     1766       52      467       0
                text25                             1840     1840       42      467       0
                text24                             1660     1660       62      467       0
                text23                             1A44     1A44       12      467       0
                text22                              FE4      FE4       F2      467       0
                text21                             1A1A     1A1A       18      467       0
                intcode_body                        D56      D56      19C      467       0
                text19                             11A8     11A8       D2      467       0
                text18                             17B8     17B8       46      467       0
                text17                             1A56     1A56       10      467       0
                text16                             19BA     19BA       24      467       0
                text15                             10D6     10D6       D2      467       0
                text14                             196A     196A       28      467       0
                text13                             1882     1882       38      467       0
                text12                             1714     1714       52      467       0
                text11                             18BA     18BA       30      467       0
                text10                             1522     1522       6E      467       0
                text9                               BA8      BA8      1AE      467       0
                text8                              1916     1916       2A      467       0
                text7                              141E     141E       82      467       0
                text6                              16C2     16C2       52      467       0
                text5                              17FE     17FE       42      467       0
                text4                              15FE     15FE       62      467       0
                text3                              1A32     1A32       12      467       0
                text2                               EF2      EF2       F2      467       0
                text1                              1A02     1A02       18      467       0
                text0                               8CE      8CE      2DA      467       0
                cstackCOMRAM                          1        1       3F        1       1
                cstackBANK0                          60       60        4       60       1
                dataCOMRAM                           4C       4C        1        1       1
                bssCOMRAM                            40       40        C        1       1
                cinit                              18EA     18EA       2C      467       0
                idataCOMRAM                        1A76     1A76        1      467       0

TOTAL           Name                               Link     Load   Length     Space
        CLASS   CODE           
                intcode                               8        8        6         0
                init                                  E        E        4         0
                reset_vec                             0        0        4         0
                text34                             134C     134C       D2         0
                text33                             1A66     1A66       10         0
                text32                             19DE     19DE       24         0
                text31                             127A     127A       D2         0
                text30                             1992     1992       28         0
                text29                             1940     1940       2A         0
                text28                             14A0     14A0       82         0
                text27                             1590     1590       6E         0
                text26                             1766     1766       52         0
                text25                             1840     1840       42         0
                text24                             1660     1660       62         0
                text23                             1A44     1A44       12         0
                text22                              FE4      FE4       F2         0
                text21                             1A1A     1A1A       18         0
                intcode_body                        D56      D56      19C         0
                text19                             11A8     11A8       D2         0
                text18                             17B8     17B8       46         0
                text17                             1A56     1A56       10         0
                text16                             19BA     19BA       24         0
                text15                             10D6     10D6       D2         0
                text14                             196A     196A       28         0
                text13                             1882     1882       38         0
                text12                             1714     1714       52         0
                text11                             18BA     18BA       30         0
                text10                             1522     1522       6E         0
                text9                               BA8      BA8      1AE         0
                text8                              1916     1916       2A         0
                text7                              141E     141E       82         0
                text6                              16C2     16C2       52         0
                text5                              17FE     17FE       42         0
                text4                              15FE     15FE       62         0
                text3                              1A32     1A32       12         0
                text2                               EF2      EF2       F2         0
                text1                              1A02     1A02       18         0
                text0                               8CE      8CE      2DA         0
                cinit                              18EA     18EA       2C         0
                idataCOMRAM                        1A76     1A76        1         0

        CLASS   CONST          

        CLASS   SMALLCONST     
                smallconst                          800      800       CE         0

        CLASS   MEDIUMCONST    

        CLASS   COMRAM         
                temp                                 4D       4D        1         1
                cstackCOMRAM                          1        1       3F         1
                dataCOMRAM                           4C       4C        1         1
                bssCOMRAM                            40       40        C         1

        CLASS   ABS1           

        CLASS   BIGRAM         

        CLASS   RAM            

        CLASS   BANK0          
                cstackBANK0                          60       60        4         1

        CLASS   BANK1          

        CLASS   BANK2          

        CLASS   BANK3          

        CLASS   BANK4          

        CLASS   BANK5          

        CLASS   BANK6          

        CLASS   BANK7          

        CLASS   SFR            

        CLASS   BIGSFR         

        CLASS   CONFIG         
                config                           300000   300000        E         4

        CLASS   IDLOC          
                idloc                            200000   200000        8         5

        CLASS   EEDATA         

        CLASS   FARRAM         

        CLASS   HEAP           

        CLASS   STACK          



SEGMENTS        Name                           Load    Length   Top    Selector   Space  Class

                reset_vec                      000000  000004  000004         0       0  CODE    
                cstackCOMRAM                   000001  00004D  00004E         1       1  COMRAM  
                intcode                        000008  00000A  000012         4       0  CODE    
                cstackBANK0                    000060  000004  000064        60       1  BANK0   
                smallconst                     000800  0000CE  0008CE       400       0  SMALLCON
                text0                          0008CE  0011A9  001A77       467       0  CODE    


UNUSED ADDRESS RANGES

        Name                Unused          Largest block    Delta
        BANK0            000064-0000FF               9C
        BANK1            000100-0001FF              100
        BANK2            000200-0002FF              100
        BANK3            000300-0003FF              100
        BANK4            000400-0004FF              100
        BANK5            000500-0005FF              100
        BANK6            000600-0006FF              100
        BANK7            000700-0007FF              100
        BIGRAM           00004E-00005F               12
                         000064-0007FF              79C
        BIGSFR           000F60-000FFF               A0
        CODE             000004-000007                4
                         000012-0007FF              7EE
                         001A77-007FFF             6589
        COMRAM           00004E-00005F               12
        CONST            000004-000007                4
                         000012-0007FF              7EE
                         001A77-007FFF             6589
        EEDATA           F00000-F000FF              100
        MEDIUMCONST      001A77-007FFF             6589
        RAM              000064-0007FF              100
        SFR              000F60-000FFF               A0
        SMALLCONST       001A77-007FFF              100

                                  Symbol Table

?___awdiv                              cstackCOMRAM 000013
?___awmod                              cstackCOMRAM 000013
?___lwdiv                              cstackCOMRAM 000013
?___lwmod                              cstackCOMRAM 000013
?i2___awdiv                            cstackCOMRAM 000001
?i2___awmod                            cstackCOMRAM 000001
?i2___lwdiv                            cstackCOMRAM 000001
?i2___lwmod                            cstackCOMRAM 000001
LCD_CrearCaracter@i                    cstackCOMRAM 000019
LCD_CrearCaracter@pattern              cstackCOMRAM 000016
LCD_CrearCaracter@pos                  cstackCOMRAM 000018
Lcd_Char@data                          cstackCOMRAM 000015
Lcd_Cmd@cmd                            cstackCOMRAM 000015
Lcd_Set_Cursor@column                  cstackCOMRAM 000016
Lcd_Set_Cursor@pos                     cstackCOMRAM 000018
Lcd_Set_Cursor@row                     cstackCOMRAM 000017
Lcd_String@str                         cstackCOMRAM 000016
_ADCON1                                (abs)        000FC1
_GIE                                   (abs)        007F97
_ISR                                   intcode      000008
_LATA                                  (abs)        000F89
_LATA1                                 (abs)        007C49
_LATA3                                 (abs)        007C4B
_LATA4                                 (abs)        007C4C
_LATA5                                 (abs)        007C4D
_LATB                                  (abs)        000F8A
_LATD                                  (abs)        000F8C
_LATD4                                 (abs)        007C64
_LATD5                                 (abs)        007C65
_LATD6                                 (abs)        007C66
_LATD7                                 (abs)        007C67
_LATE                                  (abs)        000F8D
_LCD_CrearCaracter                     text11       0018BA
_Lcd_Char                              text15       0010D6
_Lcd_Clear                             text17       001A56
_Lcd_Cmd                               text19       0011A8
_Lcd_Init                              text18       0017B8
_Lcd_Set_Cursor                        text16       0019BA
_Lcd_Set_Cursor$116                    cstackCOMRAM 000019
_Lcd_String                            text14       00196A
_PEIE                                  (abs)        007F96
_PORTB                                 (abs)        000F81
_RB4                                   (abs)        007C0C
_RB5                                   (abs)        007C0D
_RB6                                   (abs)        007C0E
_RB7                                   (abs)        007C0F
_RBIE                                  (abs)        007F93
_RBIF                                  (abs)        007F90
_RBPU                                  (abs)        007F8F
_RC0                                   (abs)        007C10
_T0CON                                 (abs)        000FD5
_TMR0                                  (abs)        000FD6
_TMR0IE                                (abs)        007F95
_TMR0IF                                (abs)        007F92
_TMR0ON                                (abs)        007EAF
_TRISA                                 (abs)        000F92
_TRISA5                                (abs)        007C95
_TRISB                                 (abs)        000F93
_TRISC0                                (abs)        007CA0
_TRISD                                 (abs)        000F95
_TRISE                                 (abs)        000F96
_Tecla                                 bssCOMRAM    00004B
__HRAM                                 (abs)        000000
__H__absolute__                        __absolute__ 000000
__Habs1                                abs1         000000
__Hbank0                               bank0        000000
__Hbank1                               bank1        000000
__Hbank2                               bank2        000000
__Hbank3                               bank3        000000
__Hbank4                               bank4        000000
__Hbank5                               bank5        000000
__Hbank6                               bank6        000000
__Hbank7                               bank7        000000
__Hbigbss                              bigbss       000000
__Hbigdata                             bigdata      000000
__Hbigram                              bigram       000000
__Hbigsfr                              bigsfr       000000
__Hbss                                 bss          000000
__HbssCOMRAM                           bssCOMRAM    000000
__Hcinit                               cinit        000000
__Hclrtext                             clrtext      000000
__Hcomram                              comram       000000
__Hconfig                              config       30000E
__Hconst                               const        000000
__HcstackBANK0                         cstackBANK0  000000
__HcstackCOMRAM                        cstackCOMRAM 000000
__Hdata                                data         000000
__HdataCOMRAM                          dataCOMRAM   000000
__Heeprom_data                         eeprom_data  000000
__Hfarbss                              farbss       000000
__Hfardata                             fardata      000000
__Hheap                                heap         000000
__Hibigdata                            ibigdata     000000
__Hidata                               idata        000000
__HidataCOMRAM                         idataCOMRAM  000000
__Hidloc                               idloc        200008
__Hifardata                            ifardata     000000
__Hinit                                init         000012
__Hintcode                             intcode      00000E
__Hintcode_body                        intcode_body 000000
__Hintcodelo                           intcodelo    00000E
__Hintentry                            intentry     000000
__Hintret                              intret       000000
__Hintsave_regs                        intsave_regs 000000
__Hirdata                              irdata       000000
__Hmediumconst                         mediumconst  000000
__HnvFARRAM                            nvFARRAM     000000
__Hnvbit                               nvbit        000000
__Hnvrram                              nvrram       000000
__Hparam                               rparam       000000
__Hpowerup                             powerup      00000E
__Hram                                 ram          000000
__Hramtop                              ramtop       000800
__Hrbit                                rbit         000000
__Hrbss                                rbss         000000
__Hrdata                               rdata        000000
__Hreset_vec                           reset_vec    000004
__Hrparam                              rparam       000000
__Hsfr                                 sfr          000000
__Hsivt_hi                             sivt_hi      000000
__Hsivt_lo                             sivt_lo      000000
__Hsmallconst                          smallconst   0008CE
__Hspace_0                             (abs)        001A77
__Hspace_1                             (abs)        000064
__Hspace_2                             (abs)        000000
__Hspace_4                             (abs)        60000E
__Hstack                               stack        000000
__Hstruct                              struct       000000
__Htemp                                temp         00004E
__Htext                                text         000000
__Htext0                               text0        000000
__Htext1                               text1        000000
__Htext10                              text10       000000
__Htext11                              text11       000000
__Htext12                              text12       000000
__Htext13                              text13       000000
__Htext14                              text14       000000
__Htext15                              text15       000000
__Htext16                              text16       000000
__Htext17                              text17       000000
__Htext18                              text18       000000
__Htext19                              text19       000000
__Htext2                               text2        000000
__Htext21                              text21       000000
__Htext22                              text22       000000
__Htext23                              text23       000000
__Htext24                              text24       000000
__Htext25                              text25       000000
__Htext26                              text26       000000
__Htext27                              text27       000000
__Htext28                              text28       000000
__Htext29                              text29       000000
__Htext3                               text3        000000
__Htext30                              text30       000000
__Htext31                              text31       000000
__Htext32                              text32       000000
__Htext33                              text33       000000
__Htext34                              text34       000000
__Htext4                               text4        000000
__Htext5                               text5        000000
__Htext6                               text6        000000
__Htext7                               text7        000000
__Htext8                               text8        000000
__Htext9                               text9        000000
__LRAM                                 (abs)        000001
__L__absolute__                        __absolute__ 000000
__Labs1                                abs1         000000
__Lbank0                               bank0        000000
__Lbank1                               bank1        000000
__Lbank2                               bank2        000000
__Lbank3                               bank3        000000
__Lbank4                               bank4        000000
__Lbank5                               bank5        000000
__Lbank6                               bank6        000000
__Lbank7                               bank7        000000
__Lbigbss                              bigbss       000000
__Lbigdata                             bigdata      000000
__Lbigram                              bigram       000000
__Lbigsfr                              bigsfr       000000
__Lbss                                 bss          000000
__LbssCOMRAM                           bssCOMRAM    000000
__Lcinit                               cinit        000000
__Lclrtext                             clrtext      000000
__Lcomram                              comram       000000
__Lconfig                              config       000000
__Lconst                               const        000000
__LcstackBANK0                         cstackBANK0  000000
__LcstackCOMRAM                        cstackCOMRAM 000000
__Ldata                                data         000000
__LdataCOMRAM                          dataCOMRAM   000000
__Leeprom_data                         eeprom_data  000000
__Lfarbss                              farbss       000000
__Lfardata                             fardata      000000
__Lheap                                heap         000000
__Libigdata                            ibigdata     000000
__Lidata                               idata        000000
__LidataCOMRAM                         idataCOMRAM  000000
__Lidloc                               idloc        000000
__Lifardata                            ifardata     000000
__Linit                                init         00000E
__Lintcode                             intcode      000008
__Lintcode_body                        intcode_body 000000
__Lintcodelo                           intcodelo    00000E
__Lintentry                            intentry     000000
__Lintret                              intret       000000
__Lintsave_regs                        intsave_regs 000000
__Lirdata                              irdata       000000
__Lmediumconst                         mediumconst  000000
__LnvFARRAM                            nvFARRAM     000000
__Lnvbit                               nvbit        000000
__Lnvrram                              nvrram       000000
__Lparam                               rparam       000000
__Lpowerup                             powerup      00000E
__Lram                                 ram          000000
__Lramtop                              ramtop       000800
__Lrbit                                rbit         000000
__Lrbss                                rbss         000000
__Lrdata                               rdata        000000
__Lreset_vec                           reset_vec    000000
__Lrparam                              rparam       000000
__Lsfr                                 sfr          000000
__Lsivt_hi                             sivt_hi      000000
__Lsivt_lo                             sivt_lo      000000
__Lsmallconst                          smallconst   000800
__Lspace_0                             (abs)        000000
__Lspace_1                             (abs)        000000
__Lspace_2                             (abs)        000000
__Lspace_4                             (abs)        000000
__Lstack                               stack        000000
__Lstruct                              struct       000000
__Ltemp                                temp         00004D
__Ltext                                text         000000
__Ltext0                               text0        000000
__Ltext1                               text1        000000
__Ltext10                              text10       000000
__Ltext11                              text11       000000
__Ltext12                              text12       000000
__Ltext13                              text13       000000
__Ltext14                              text14       000000
__Ltext15                              text15       000000
__Ltext16                              text16       000000
__Ltext17                              text17       000000
__Ltext18                              text18       000000
__Ltext19                              text19       000000
__Ltext2                               text2        000000
__Ltext21                              text21       000000
__Ltext22                              text22       000000
__Ltext23                              text23       000000
__Ltext24                              text24       000000
__Ltext25                              text25       000000
__Ltext26                              text26       000000
__Ltext27                              text27       000000
__Ltext28                              text28       000000
__Ltext29                              text29       000000
__Ltext3                               text3        000000
__Ltext30                              text30       000000
__Ltext31                              text31       000000
__Ltext32                              text32       000000
__Ltext33                              text33       000000
__Ltext34                              text34       000000
__Ltext4                               text4        000000
__Ltext5                               text5        000000
__Ltext6                               text6        000000
__Ltext7                               text7        000000
__Ltext8                               text8        000000
__Ltext9                               text9        000000
__S0                                   (abs)        001A77
__S1                                   (abs)        000064
__S4                                   (abs)        000000
__S5                                   (abs)        000000
___awdiv                               text7        00141E
___awdiv@counter                       cstackCOMRAM 000017
___awdiv@dividend                      cstackCOMRAM 000013
___awdiv@divisor                       cstackCOMRAM 000015
___awdiv@quotient                      cstackCOMRAM 000019
___awdiv@sign                          cstackCOMRAM 000018
___awmod                               text10       001522
___awmod@counter                       cstackCOMRAM 000017
___awmod@dividend                      cstackCOMRAM 000013
___awmod@divisor                       cstackCOMRAM 000015
___awmod@sign                          cstackCOMRAM 000018
___heap_hi                             (abs)        000000
___heap_lo                             (abs)        000000
___inthi_sp                            stack        000000
___inthi_stack_hi                      stack        000000
___inthi_stack_lo                      stack        000000
___intlo_sp                            stack        000000
___intlo_stack_hi                      stack        000000
___intlo_stack_lo                      stack        000000
___lwdiv                               text6        0016C2
___lwdiv@counter                       cstackCOMRAM 000017
___lwdiv@dividend                      cstackCOMRAM 000013
___lwdiv@divisor                       cstackCOMRAM 000015
___lwdiv@quotient                      cstackCOMRAM 000018
___lwmod                               text5        0017FE
___lwmod@counter                       cstackCOMRAM 000017
___lwmod@dividend                      cstackCOMRAM 000013
___lwmod@divisor                       cstackCOMRAM 000015
___param_bank                          (abs)        000000
___rparam_used                         (abs)        000001
___sp                                  stack        000000
___stack_hi                            stack        000000
___stack_lo                            stack        000000
__accesstop                            (abs)        000060
__activetblptr                         (abs)        000002
__end_of_ISR                           intcode_body 000EF2
__end_of_LCD_CrearCaracter             text11       0018EA
__end_of_Lcd_Char                      text15       0011A8
__end_of_Lcd_Clear                     text17       001A66
__end_of_Lcd_Cmd                       text19       00127A
__end_of_Lcd_Init                      text18       0017FE
__end_of_Lcd_Set_Cursor                text16       0019DE
__end_of_Lcd_String                    text14       001992
__end_of___awdiv                       text7        0014A0
__end_of___awmod                       text10       001590
__end_of___lwdiv                       text6        001714
__end_of___lwmod                       text5        001840
__end_of__initialization               cinit        001908
__end_of_color                         text4        001660
__end_of_emergencia                    text13       0018BA
__end_of_explosion                     smallconst   000832
__end_of_inicializar_hardware          text12       001766
__end_of_lcd_animacion_bienvenida      text9        000D56
__end_of_main                          text0        000BA8
__end_of_mapa_teclas                   smallconst   00082A
__end_of_mostrar_completado            text8        001940
__end_of_mostrar_conteo                text2        000FE4
__end_of_mostrar_valor                 text1        001A1A
__end_of_runner0                       smallconst   00084A
__end_of_runner1                       smallconst   000842
__end_of_runner2                       smallconst   00083A
__end_of_unidad                        text3        001A44
__end_ofi2_Lcd_Char                    text31       00134C
__end_ofi2_Lcd_Clear                   text33       001A76
__end_ofi2_Lcd_Cmd                     text34       00141E
__end_ofi2_Lcd_Set_Cursor              text32       001A02
__end_ofi2_Lcd_String                  text30       0019BA
__end_ofi2___awdiv                     text28       001522
__end_ofi2___awmod                     text27       0015FE
__end_ofi2___lwdiv                     text26       0017B8
__end_ofi2___lwmod                     text25       001882
__end_ofi2_color                       text24       0016C2
__end_ofi2_mostrar_completado          text29       00196A
__end_ofi2_mostrar_conteo              text22       0010D6
__end_ofi2_mostrar_valor               text21       001A32
__end_ofi2_unidad                      text23       001A56
__end_oflcd_animacion_bienvenida@F3144 smallconst   000819
__initialization                       cinit        0018EA
__mediumconst                          mediumconst  000000
__pbssCOMRAM                           bssCOMRAM    000040
__pcinit                               cinit        0018EA
__pcstackBANK0                         cstackBANK0  000060
__pcstackCOMRAM                        cstackCOMRAM 000001
__pdataCOMRAM                          dataCOMRAM   00004C
__pidataCOMRAM                         idataCOMRAM  001A76
__pintcode                             intcode      000008
__pintcode_body                        intcode_body 000D56
__psmallconst                          smallconst   000800
__ptext0                               text0        0008CE
__ptext1                               text1        001A02
__ptext10                              text10       001522
__ptext11                              text11       0018BA
__ptext12                              text12       001714
__ptext13                              text13       001882
__ptext14                              text14       00196A
__ptext15                              text15       0010D6
__ptext16                              text16       0019BA
__ptext17                              text17       001A56
__ptext18                              text18       0017B8
__ptext19                              text19       0011A8
__ptext2                               text2        000EF2
__ptext21                              text21       001A1A
__ptext22                              text22       000FE4
__ptext23                              text23       001A44
__ptext24                              text24       001660
__ptext25                              text25       001840
__ptext26                              text26       001766
__ptext27                              text27       001590
__ptext28                              text28       0014A0
__ptext29                              text29       001940
__ptext3                               text3        001A32
__ptext30                              text30       001992
__ptext31                              text31       00127A
__ptext32                              text32       0019DE
__ptext33                              text33       001A66
__ptext34                              text34       00134C
__ptext4                               text4        0015FE
__ptext5                               text5        0017FE
__ptext6                               text6        0016C2
__ptext7                               text7        00141E
__ptext8                               text8        001916
__ptext9                               text9        000BA8
__ramtop                               ramtop       000800
__smallconst                           smallconst   000800
_btnRC0_ant                            bssCOMRAM    00004A
_color                                 text4        0015FE
_contador                              bssCOMRAM    000044
_emergencia                            text13       001882
_estado                                bssCOMRAM    000048
_explosion                             smallconst   00082A
_inactividad                           bssCOMRAM    000040
_inicializar_hardware                  text12       001714
_input                                 bssCOMRAM    000042
_lcd_animacion_bienvenida              text9        000BA8
_lcd_animacion_bienvenida$179          cstackCOMRAM 000035
_lcd_backlight                         dataCOMRAM   00004C
_main                                  text0        0008CE
_mapa_teclas                           smallconst   000819
_mostrar_completado                    text8        001916
_mostrar_conteo                        text2        000EF2
_mostrar_valor                         text1        001A02
_objetivo                              bssCOMRAM    000046
_runner0                               smallconst   000842
_runner1                               smallconst   00083A
_runner2                               smallconst   000832
_unidad                                text3        001A32
btemp                                  temp         00004D
color@i                                cstackCOMRAM 00001A
end_of_initialization                  cinit        001908
i2Lcd_Char@data                        cstackCOMRAM 000003
i2Lcd_Cmd@cmd                          cstackCOMRAM 000003
i2Lcd_Set_Cursor@column                cstackCOMRAM 000004
i2Lcd_Set_Cursor@pos                   cstackCOMRAM 000008
i2Lcd_Set_Cursor@row                   cstackCOMRAM 000005
i2Lcd_String@str                       cstackCOMRAM 000004
i2_Lcd_Char                            text31       00127A
i2_Lcd_Clear                           text33       001A66
i2_Lcd_Cmd                             text34       00134C
i2_Lcd_Set_Cursor                      text32       0019DE
i2_Lcd_Set_Cursor$116                  cstackCOMRAM 000006
i2_Lcd_String                          text30       001992
i2___awdiv                             text28       0014A0
i2___awdiv@counter                     cstackCOMRAM 000005
i2___awdiv@dividend                    cstackCOMRAM 000001
i2___awdiv@divisor                     cstackCOMRAM 000003
i2___awdiv@quotient                    cstackCOMRAM 000007
i2___awdiv@sign                        cstackCOMRAM 000006
i2___awmod                             text27       001590
i2___awmod@counter                     cstackCOMRAM 000005
i2___awmod@dividend                    cstackCOMRAM 000001
i2___awmod@divisor                     cstackCOMRAM 000003
i2___awmod@sign                        cstackCOMRAM 000006
i2___lwdiv                             text26       001766
i2___lwdiv@counter                     cstackCOMRAM 000007
i2___lwdiv@dividend                    cstackCOMRAM 000001
i2___lwdiv@divisor                     cstackCOMRAM 000003
i2___lwdiv@quotient                    cstackCOMRAM 000005
i2___lwmod                             text25       001840
i2___lwmod@counter                     cstackCOMRAM 000005
i2___lwmod@dividend                    cstackCOMRAM 000001
i2___lwmod@divisor                     cstackCOMRAM 000003
i2_color                               text24       001660
i2_mostrar_completado                  text29       001940
i2_mostrar_conteo                      text22       000FE4
i2_mostrar_valor                       text21       001A1A
i2_unidad                              text23       001A44
i2color@i                              cstackCOMRAM 000008
i2mostrar_conteo@faltan                cstackCOMRAM 00000C
i2unidad@i                             cstackCOMRAM 000006
int$flags                              temp         00004D
int_func                               intcode_body 000D56
intlevel0                              text         000000
intlevel1                              text         000000
intlevel2                              text         000000
intlevel3                              text         000000
isa$std                                (abs)        000001
isa$xinst                              (abs)        000000
lcd_animacion_bienvenida@F3144         smallconst   000801
lcd_animacion_bienvenida@c             cstackCOMRAM 00003B
lcd_animacion_bienvenida@i             cstackCOMRAM 000039
lcd_animacion_bienvenida@j             cstackCOMRAM 00003C
lcd_animacion_bienvenida@mensaje       cstackCOMRAM 00001D
lcd_animacion_bienvenida@offset        cstackCOMRAM 00003E
lcd_animacion_bienvenida@pasos         cstackCOMRAM 000037
main@btnRC0                            cstackBANK0  000062
main@tecla                             cstackBANK0  000063
mostrar_conteo@faltan                  cstackCOMRAM 00001E
stackhi                                (abs)        000000
stacklo                                (abs)        000000
start                                  init         00000E
start_initialization                   cinit        0018EA
ttemp5                                 temp         00004E
ttemp6                                 temp         000051
ttemp7                                 temp         000055
unidad@i                               cstackCOMRAM 000018
wtemp8                                 temp         00004E


MODULE INFORMATION

Module		Function		Class		Link	Load	Size
laboratorio_4.c
		_mostrar_valor 		CODE           	1A02	0000	24
		_ISR           		CODE           	0008	0000	418
		_mostrar_conteo		CODE           	0EF2	0000	242
		_main          		CODE           	08CE	0000	730
		_color         		CODE           	15FE	0000	98
		_inicializar_hardware		CODE           	1714	0000	82
		_mostrar_completado		CODE           	1916	0000	42
		_lcd_animacion_bienvenida		CODE           	0BA8	0000	430
		_emergencia    		CODE           	1882	0000	56
		_unidad        		CODE           	1A32	0000	18

laboratorio_4.c estimated size: 2140

C:\Program Files\Microchip\xc8\v2.50\pic\sources\c90\common\lwmod.c
		___lwmod       		CODE           	17FE	0000	66

C:\Program Files\Microchip\xc8\v2.50\pic\sources\c90\common\lwmod.c estimated size: 66

C:\Program Files\Microchip\xc8\v2.50\pic\sources\c90\common\awmod.c
		___awmod       		CODE           	1522	0000	110

C:\Program Files\Microchip\xc8\v2.50\pic\sources\c90\common\awmod.c estimated size: 110

C:\Program Files\Microchip\xc8\v2.50\pic\sources\c90\common\lwdiv.c
		___lwdiv       		CODE           	16C2	0000	82

C:\Program Files\Microchip\xc8\v2.50\pic\sources\c90\common\lwdiv.c estimated size: 82

shared
		i2_mostrar_conteo		CODE           	0FE4	0000	242
		_mapa_teclas   		SMALLCONST     	0819	0000	17
		i2___lwdiv     		CODE           	1766	0000	82
		_runner1       		SMALLCONST     	083A	0000	8
		i2_mostrar_completado		CODE           	1940	0000	42
		i2___awdiv     		CODE           	14A0	0000	130
		i2_unidad      		CODE           	1A44	0000	18
		i2_Lcd_Cmd     		CODE           	134C	0000	210
		i2___lwmod     		CODE           	1840	0000	66
		i2_Lcd_Char    		CODE           	127A	0000	210
		i2_Lcd_Clear   		CODE           	1A66	0000	16
		__initialization		CODE           	18EA	0000	30
		i2_Lcd_String  		CODE           	1992	0000	40
		i2___awmod     		CODE           	1590	0000	110
		_runner0       		SMALLCONST     	0842	0000	8
		i2_mostrar_valor		CODE           	1A1A	0000	24
		i2_Lcd_Set_Cursor		CODE           	19DE	0000	36
		lcd_animacion_bienvenida@F3144		SMALLCONST     	0801	0000	24
		i2_color       		CODE           	1660	0000	98
		_explosion     		SMALLCONST     	082A	0000	8
		_runner2       		SMALLCONST     	0832	0000	8

shared estimated size: 1427

lcd.c
		_Lcd_String    		CODE           	196A	0000	40
		_Lcd_Init      		CODE           	17B8	0000	70
		_Lcd_Cmd       		CODE           	11A8	0000	210
		_Lcd_Char      		CODE           	10D6	0000	210
		_Lcd_Set_Cursor		CODE           	19BA	0000	36
		_Lcd_Clear     		CODE           	1A56	0000	16
		_LCD_CrearCaracter		CODE           	18BA	0000	48

lcd.c estimated size: 630

C:\Program Files\Microchip\xc8\v2.50\pic\sources\c90\common\awdiv.c
		___awdiv       		CODE           	141E	0000	130

C:\Program Files\Microchip\xc8\v2.50\pic\sources\c90\common\awdiv.c estimated size: 130

