Microchip MPLAB XC8 Compiler V2.50

Linker command line:

-W-3 \
  --edf=C:\Program Files\Microchip\xc8\v2.50\pic\dat\20240725155939_en.msgs \
  -cn -h+dist/default/production\laboratorio_4.X.production.sym \
  --cmf=dist/default/production\laboratorio_4.X.production.cmf -z -Q18F4550 \
  -oC:\Users\CARLOS~1\AppData\Local\Temp\xcAsaoo.\driver_tmp_3.obj \
  -Mdist/default/production/laboratorio_4.X.production.map \
  --md=C:\Users\CARLOS~1\AppData\Local\Temp\xcAsaoo.\driver_tmp_0.dat -E1 \
  -ver=XC8 Compiler -ACODE=00h-07FFFh -ACONST=00h-07FFFh \
  -ASMALLCONST=0800h-08FFhx120 -AMEDIUMCONST=0800h-07FFFh -ACOMRAM=01h-05Fh \
  -AABS1=00h-07FFh -ABIGRAM=01h-07FFh -ARAM=060h-0FFh,0100h-01FFhx7 \
  -ABANK0=060h-0FFh -ABANK1=0100h-01FFh -ABANK2=0200h-02FFh \
  -ABANK3=0300h-03FFh -ABANK4=0400h-04FFh -ABANK5=0500h-05FFh \
  -ABANK6=0600h-06FFh -ABANK7=0700h-07FFh -ASFR=0F60h-0FFFh \
  -ABIGSFR=0F60h-0FFFh -ACONFIG=0300000h-030000Dh -AIDLOC=0200000h-0200007h \
  -AEEDATA=0F00000h-0F000FFh -peeprom_data=EEDATA \
  -preset_vec=00h,intcode=8h,intcodelo,powerup,init -pramtop=0800h \
  -psmallconst=SMALLCONST -pmediumconst=MEDIUMCONST -pconst=CONST \
  -AFARRAM=00h-00h \
  -prdata=COMRAM,nvrram=COMRAM,nvbit=COMRAM,rbss=COMRAM,rbit=COMRAM \
  -pfarbss=FARRAM,fardata=FARRAM,nvFARRAM=FARRAM \
  -pintsave_regs=BIGRAM,bigbss=BIGRAM,bigdata=BIGRAM -pbss=RAM \
  -pidata=CODE,irdata=CODE,ibigdata=CODE,ifardata=CODE -prparam=COMRAM \
  C:\Users\CARLOS~1\AppData\Local\Temp\xcAsaoo.\driver_tmp_9.obj \
  dist/default/production\laboratorio_4.X.production.obj 

Object code version is 3.11

Machine type is 18F4550



                Name                               Link     Load   Length Selector   Space Scale
C:\Users\CARLOS~1\AppData\Local\Temp\xcAsaoo.\driver_tmp_9.obj
                idloc                            200000   200000        8        0       5
                config                           300000   300000        E        0       4
                init                                  E        E        4        4       0
                reset_vec                             0        0        4        0       0
dist/default/production\laboratorio_4.X.production.obj
                intcode                               8        8        6        4       0
                idloc                            200000   200000        8        0       5
                config                           300000   300000        E        0       4
                temp                                 1E       1E        1        1       1
                smallconst                          800      800       94      400       0
                intcode_body                       12A4     12A4       16      44A       0
                text18                              DD8      DD8       D2      44A       0
                text17                             11D8     11D8       3C      44A       0
                text16                              EAA      EAA       C0      44A       0
                text15                             12CE     12CE       10      44A       0
                text14                             1268     1268       24      44A       0
                text13                             12E6     12E6        8      44A       0
                text12                             12DE     12DE        8      44A       0
                text11                              D06      D06       D2      44A       0
                text10                             1240     1240       28      44A       0
                text9                               F6A      F6A       88      44A       0
                text8                               FF2      FF2       82      44A       0
                text7                              1074     1074       6E      44A       0
                text6                              1144     1144       52      44A       0
                text5                              1196     1196       42      44A       0
                text4                              10E2     10E2       62      44A       0
                text3                              12BA     12BA       14      44A       0
                text2                               C14      C14       F2      44A       0
                text1                              128C     128C       18      44A       0
                text0                               894      894      380      44A       0
                cstackCOMRAM                          1        1       10        1       1
                dataCOMRAM                           1D       1D        1        1       1
                bssCOMRAM                            11       11        C        1       1
                cinit                              1214     1214       2C      44A       0
                idataCOMRAM                        12EE     12EE        1      44A       0

TOTAL           Name                               Link     Load   Length     Space
        CLASS   CODE           
                intcode                               8        8        6         0
                init                                  E        E        4         0
                reset_vec                             0        0        4         0
                intcode_body                       12A4     12A4       16         0
                text18                              DD8      DD8       D2         0
                text17                             11D8     11D8       3C         0
                text16                              EAA      EAA       C0         0
                text15                             12CE     12CE       10         0
                text14                             1268     1268       24         0
                text13                             12E6     12E6        8         0
                text12                             12DE     12DE        8         0
                text11                              D06      D06       D2         0
                text10                             1240     1240       28         0
                text9                               F6A      F6A       88         0
                text8                               FF2      FF2       82         0
                text7                              1074     1074       6E         0
                text6                              1144     1144       52         0
                text5                              1196     1196       42         0
                text4                              10E2     10E2       62         0
                text3                              12BA     12BA       14         0
                text2                               C14      C14       F2         0
                text1                              128C     128C       18         0
                text0                               894      894      380         0
                cinit                              1214     1214       2C         0
                idataCOMRAM                        12EE     12EE        1         0

        CLASS   CONST          

        CLASS   SMALLCONST     
                smallconst                          800      800       94         0

        CLASS   MEDIUMCONST    

        CLASS   COMRAM         
                temp                                 1E       1E        1         1
                cstackCOMRAM                          1        1       10         1
                dataCOMRAM                           1D       1D        1         1
                bssCOMRAM                            11       11        C         1

        CLASS   ABS1           

        CLASS   BIGRAM         

        CLASS   RAM            

        CLASS   BANK0          

        CLASS   BANK1          

        CLASS   BANK2          

        CLASS   BANK3          

        CLASS   BANK4          

        CLASS   BANK5          

        CLASS   BANK6          

        CLASS   BANK7          

        CLASS   SFR            

        CLASS   BIGSFR         

        CLASS   CONFIG         
                config                           300000   300000        E         4

        CLASS   IDLOC          
                idloc                            200000   200000        8         5

        CLASS   EEDATA         

        CLASS   FARRAM         

        CLASS   HEAP           

        CLASS   STACK          



SEGMENTS        Name                           Load    Length   Top    Selector   Space  Class

                reset_vec                      000000  000004  000004         0       0  CODE    
                cstackCOMRAM                   000001  00001E  00001F         1       1  COMRAM  
                intcode                        000008  00000A  000012         4       0  CODE    
                smallconst                     000800  000094  000894       400       0  SMALLCON
                text0                          000894  000A5B  0012EF       44A       0  CODE    


UNUSED ADDRESS RANGES

        Name                Unused          Largest block    Delta
        BANK0            000060-0000FF               A0
        BANK1            000100-0001FF              100
        BANK2            000200-0002FF              100
        BANK3            000300-0003FF              100
        BANK4            000400-0004FF              100
        BANK5            000500-0005FF              100
        BANK6            000600-0006FF              100
        BANK7            000700-0007FF              100
        BIGRAM           00001F-0007FF              7E1
        BIGSFR           000F60-000FFF               A0
        CODE             000004-000007                4
                         000012-0007FF              7EE
                         0012EF-007FFF             6D11
        COMRAM           00001F-00005F               41
        CONST            000004-000007                4
                         000012-0007FF              7EE
                         0012EF-007FFF             6D11
        EEDATA           F00000-F000FF              100
        MEDIUMCONST      0012EF-007FFF             6D11
        RAM              000060-0007FF              100
        SFR              000F60-000FFF               A0
        SMALLCONST       0012EF-007FFF              100

                                  Symbol Table

?___awdiv                         cstackCOMRAM 000001
?___awmod                         cstackCOMRAM 000001
?___lwdiv                         cstackCOMRAM 000001
?___lwmod                         cstackCOMRAM 000001
Lcd_Char@data                     cstackCOMRAM 000003
Lcd_Cmd@cmd                       cstackCOMRAM 000003
Lcd_Set_Cursor@column             cstackCOMRAM 000004
Lcd_Set_Cursor@pos                cstackCOMRAM 000008
Lcd_Set_Cursor@row                cstackCOMRAM 000005
Lcd_String@str                    cstackCOMRAM 000004
Teclado4x4@col                    cstackCOMRAM 000005
Teclado4x4@fila                   cstackCOMRAM 000003
_GIE                              (abs)        007F97
_IPEN                             (abs)        007E87
_ISR                              intcode      000008
_LATB                             (abs)        000F8A
_LATC                             (abs)        000F8B
_LATC2                            (abs)        007C5A
_LATD                             (abs)        000F8C
_LATD0                            (abs)        007C60
_LATD1                            (abs)        007C61
_LATD2                            (abs)        007C62
_LATD3                            (abs)        007C63
_LATD4                            (abs)        007C64
_LATD5                            (abs)        007C65
_LATD6                            (abs)        007C66
_LATE                             (abs)        000F8D
_Lcd_Char                         text11       000D06
_Lcd_Clear                        text15       0012CE
_Lcd_Cmd                          text18       000DD8
_Lcd_Init                         text17       0011D8
_Lcd_Set_Cursor                   text14       001268
_Lcd_Set_Cursor$101               cstackCOMRAM 000006
_Lcd_Shift_Left                   text13       0012E6
_Lcd_Shift_Right                  text12       0012DE
_Lcd_String                       text10       001240
_PEIE                             (abs)        007F96
_PORTB                            (abs)        000F81
_RBPU                             (abs)        007F8F
_T0CON                            (abs)        000FD5
_TMR0                             (abs)        000FD6
_TMR0IE                           (abs)        007F95
_TMR0IF                           (abs)        007F92
_TMR0ON                           (abs)        007EAF
_TRISB                            (abs)        000F93
_TRISC                            (abs)        000F94
_TRISC2                           (abs)        007CA2
_TRISD                            (abs)        000F95
_TRISD6                           (abs)        007CAE
_TRISE                            (abs)        000F96
_Teclado4x4                       text16       000EAA
__HRAM                            (abs)        000000
__H__absolute__                   __absolute__ 000000
__Habs1                           abs1         000000
__Hbank0                          bank0        000000
__Hbank1                          bank1        000000
__Hbank2                          bank2        000000
__Hbank3                          bank3        000000
__Hbank4                          bank4        000000
__Hbank5                          bank5        000000
__Hbank6                          bank6        000000
__Hbank7                          bank7        000000
__Hbigbss                         bigbss       000000
__Hbigdata                        bigdata      000000
__Hbigram                         bigram       000000
__Hbigsfr                         bigsfr       000000
__Hbss                            bss          000000
__HbssCOMRAM                      bssCOMRAM    000000
__Hcinit                          cinit        000000
__Hclrtext                        clrtext      000000
__Hcomram                         comram       000000
__Hconfig                         config       30000E
__Hconst                          const        000000
__HcstackCOMRAM                   cstackCOMRAM 000000
__Hdata                           data         000000
__HdataCOMRAM                     dataCOMRAM   000000
__Heeprom_data                    eeprom_data  000000
__Hfarbss                         farbss       000000
__Hfardata                        fardata      000000
__Hheap                           heap         000000
__Hibigdata                       ibigdata     000000
__Hidata                          idata        000000
__HidataCOMRAM                    idataCOMRAM  000000
__Hidloc                          idloc        200008
__Hifardata                       ifardata     000000
__Hinit                           init         000012
__Hintcode                        intcode      00000E
__Hintcode_body                   intcode_body 000000
__Hintcodelo                      intcodelo    00000E
__Hintentry                       intentry     000000
__Hintret                         intret       000000
__Hintsave_regs                   intsave_regs 000000
__Hirdata                         irdata       000000
__Hmediumconst                    mediumconst  000000
__HnvFARRAM                       nvFARRAM     000000
__Hnvbit                          nvbit        000000
__Hnvrram                         nvrram       000000
__Hparam                          rparam       000000
__Hpowerup                        powerup      00000E
__Hram                            ram          000000
__Hramtop                         ramtop       000800
__Hrbit                           rbit         000000
__Hrbss                           rbss         000000
__Hrdata                          rdata        000000
__Hreset_vec                      reset_vec    000004
__Hrparam                         rparam       000000
__Hsfr                            sfr          000000
__Hsivt_hi                        sivt_hi      000000
__Hsivt_lo                        sivt_lo      000000
__Hsmallconst                     smallconst   000894
__Hspace_0                        (abs)        0012EF
__Hspace_1                        (abs)        00001F
__Hspace_2                        (abs)        000000
__Hspace_4                        (abs)        60000E
__Hstack                          stack        000000
__Hstruct                         struct       000000
__Htemp                           temp         00001F
__Htext                           text         000000
__Htext0                          text0        000000
__Htext1                          text1        000000
__Htext10                         text10       000000
__Htext11                         text11       000000
__Htext12                         text12       000000
__Htext13                         text13       000000
__Htext14                         text14       000000
__Htext15                         text15       000000
__Htext16                         text16       000000
__Htext17                         text17       000000
__Htext18                         text18       000000
__Htext2                          text2        000000
__Htext3                          text3        000000
__Htext4                          text4        000000
__Htext5                          text5        000000
__Htext6                          text6        000000
__Htext7                          text7        000000
__Htext8                          text8        000000
__Htext9                          text9        000000
__LRAM                            (abs)        000001
__L__absolute__                   __absolute__ 000000
__Labs1                           abs1         000000
__Lbank0                          bank0        000000
__Lbank1                          bank1        000000
__Lbank2                          bank2        000000
__Lbank3                          bank3        000000
__Lbank4                          bank4        000000
__Lbank5                          bank5        000000
__Lbank6                          bank6        000000
__Lbank7                          bank7        000000
__Lbigbss                         bigbss       000000
__Lbigdata                        bigdata      000000
__Lbigram                         bigram       000000
__Lbigsfr                         bigsfr       000000
__Lbss                            bss          000000
__LbssCOMRAM                      bssCOMRAM    000000
__Lcinit                          cinit        000000
__Lclrtext                        clrtext      000000
__Lcomram                         comram       000000
__Lconfig                         config       000000
__Lconst                          const        000000
__LcstackCOMRAM                   cstackCOMRAM 000000
__Ldata                           data         000000
__LdataCOMRAM                     dataCOMRAM   000000
__Leeprom_data                    eeprom_data  000000
__Lfarbss                         farbss       000000
__Lfardata                        fardata      000000
__Lheap                           heap         000000
__Libigdata                       ibigdata     000000
__Lidata                          idata        000000
__LidataCOMRAM                    idataCOMRAM  000000
__Lidloc                          idloc        000000
__Lifardata                       ifardata     000000
__Linit                           init         00000E
__Lintcode                        intcode      000008
__Lintcode_body                   intcode_body 000000
__Lintcodelo                      intcodelo    00000E
__Lintentry                       intentry     000000
__Lintret                         intret       000000
__Lintsave_regs                   intsave_regs 000000
__Lirdata                         irdata       000000
__Lmediumconst                    mediumconst  000000
__LnvFARRAM                       nvFARRAM     000000
__Lnvbit                          nvbit        000000
__Lnvrram                         nvrram       000000
__Lparam                          rparam       000000
__Lpowerup                        powerup      00000E
__Lram                            ram          000000
__Lramtop                         ramtop       000800
__Lrbit                           rbit         000000
__Lrbss                           rbss         000000
__Lrdata                          rdata        000000
__Lreset_vec                      reset_vec    000000
__Lrparam                         rparam       000000
__Lsfr                            sfr          000000
__Lsivt_hi                        sivt_hi      000000
__Lsivt_lo                        sivt_lo      000000
__Lsmallconst                     smallconst   000800
__Lspace_0                        (abs)        000000
__Lspace_1                        (abs)        000000
__Lspace_2                        (abs)        000000
__Lspace_4                        (abs)        000000
__Lstack                          stack        000000
__Lstruct                         struct       000000
__Ltemp                           temp         00001E
__Ltext                           text         000000
__Ltext0                          text0        000000
__Ltext1                          text1        000000
__Ltext10                         text10       000000
__Ltext11                         text11       000000
__Ltext12                         text12       000000
__Ltext13                         text13       000000
__Ltext14                         text14       000000
__Ltext15                         text15       000000
__Ltext16                         text16       000000
__Ltext17                         text17       000000
__Ltext18                         text18       000000
__Ltext2                          text2        000000
__Ltext3                          text3        000000
__Ltext4                          text4        000000
__Ltext5                          text5        000000
__Ltext6                          text6        000000
__Ltext7                          text7        000000
__Ltext8                          text8        000000
__Ltext9                          text9        000000
__S0                              (abs)        0012EF
__S1                              (abs)        00001F
__S4                              (abs)        000000
__S5                              (abs)        000000
___awdiv                          text8        000FF2
___awdiv@counter                  cstackCOMRAM 000005
___awdiv@dividend                 cstackCOMRAM 000001
___awdiv@divisor                  cstackCOMRAM 000003
___awdiv@quotient                 cstackCOMRAM 000007
___awdiv@sign                     cstackCOMRAM 000006
___awmod                          text7        001074
___awmod@counter                  cstackCOMRAM 000005
___awmod@dividend                 cstackCOMRAM 000001
___awmod@divisor                  cstackCOMRAM 000003
___awmod@sign                     cstackCOMRAM 000006
___heap_hi                        (abs)        000000
___heap_lo                        (abs)        000000
___inthi_sp                       stack        000000
___inthi_stack_hi                 stack        000000
___inthi_stack_lo                 stack        000000
___intlo_sp                       stack        000000
___intlo_stack_hi                 stack        000000
___intlo_stack_lo                 stack        000000
___lwdiv                          text6        001144
___lwdiv@counter                  cstackCOMRAM 000007
___lwdiv@dividend                 cstackCOMRAM 000001
___lwdiv@divisor                  cstackCOMRAM 000003
___lwdiv@quotient                 cstackCOMRAM 000005
___lwmod                          text5        001196
___lwmod@counter                  cstackCOMRAM 000005
___lwmod@dividend                 cstackCOMRAM 000001
___lwmod@divisor                  cstackCOMRAM 000003
___param_bank                     (abs)        000000
___rparam_used                    (abs)        000001
___sp                             stack        000000
___stack_hi                       stack        000000
___stack_lo                       stack        000000
__accesstop                       (abs)        000060
__activetblptr                    (abs)        000002
__end_of_ISR                      intcode_body 0012BA
__end_of_Lcd_Char                 text11       000DD8
__end_of_Lcd_Clear                text15       0012DE
__end_of_Lcd_Cmd                  text18       000EAA
__end_of_Lcd_Init                 text17       001214
__end_of_Lcd_Set_Cursor           text14       00128C
__end_of_Lcd_Shift_Left           text13       0012EE
__end_of_Lcd_Shift_Right          text12       0012E6
__end_of_Lcd_String               text10       001268
__end_of_Teclado4x4               text16       000F6A
__end_of___awdiv                  text8        001074
__end_of___awmod                  text7        0010E2
__end_of___lwdiv                  text6        001196
__end_of___lwmod                  text5        0011D8
__end_of__initialization          cinit        001232
__end_of_color                    text4        001144
__end_of_lcd_animacion_bienvenida text9        000FF2
__end_of_main                     text0        000C14
__end_of_mostrar_conteo           text2        000D06
__end_of_mostrar_valor            text1        0012A4
__end_of_teclas                   smallconst   000811
__end_of_unidad                   text3        0012CE
__initialization                  cinit        001214
__mediumconst                     mediumconst  000000
__pbssCOMRAM                      bssCOMRAM    000011
__pcinit                          cinit        001214
__pcstackCOMRAM                   cstackCOMRAM 000001
__pdataCOMRAM                     dataCOMRAM   00001D
__pidataCOMRAM                    idataCOMRAM  0012EE
__pintcode                        intcode      000008
__pintcode_body                   intcode_body 0012A4
__psmallconst                     smallconst   000800
__ptext0                          text0        000894
__ptext1                          text1        00128C
__ptext10                         text10       001240
__ptext11                         text11       000D06
__ptext12                         text12       0012DE
__ptext13                         text13       0012E6
__ptext14                         text14       001268
__ptext15                         text15       0012CE
__ptext16                         text16       000EAA
__ptext17                         text17       0011D8
__ptext18                         text18       000DD8
__ptext2                          text2        000C14
__ptext3                          text3        0012BA
__ptext4                          text4        0010E2
__ptext5                          text5        001196
__ptext6                          text6        001144
__ptext7                          text7        001074
__ptext8                          text8        000FF2
__ptext9                          text9        000F6A
__ramtop                          ramtop       000800
__smallconst                      smallconst   000800
_color                            text4        0010E2
_contador                         bssCOMRAM    000017
_estado                           bssCOMRAM    00001B
_inactividad                      bssCOMRAM    000011
_input                            bssCOMRAM    000015
_lcd_animacion_bienvenida         text9        000F6A
_lcd_backlight                    dataCOMRAM   00001D
_main                             text0        000894
_mostrar_conteo                   text2        000C14
_mostrar_valor                    text1        00128C
_objetivo                         bssCOMRAM    000019
_teclas                           smallconst   000801
_unidad                           text3        0012BA
btemp                             temp         00001E
color@i                           cstackCOMRAM 000008
end_of_initialization             cinit        001232
int$flags                         temp         00001E
int_func                          intcode_body 0012A4
intlevel0                         text         000000
intlevel1                         text         000000
intlevel2                         text         000000
intlevel3                         text         000000
isa$std                           (abs)        000001
isa$xinst                         (abs)        000000
lcd_animacion_bienvenida@i        cstackCOMRAM 00000A
lcd_animacion_bienvenida@i_154    cstackCOMRAM 00000C
main@tecla                        cstackCOMRAM 000010
mostrar_conteo@faltan             cstackCOMRAM 00000C
stackhi                           (abs)        000000
stacklo                           (abs)        000000
start                             init         00000E
start_initialization              cinit        001214
ttemp5                            temp         00001F
ttemp6                            temp         000022
ttemp7                            temp         000026
unidad@i                          cstackCOMRAM 000006
wtemp8                            temp         00001F


MODULE INFORMATION

Module		Function		Class		Link	Load	Size
laboratorio_4.c
		_mostrar_valor 		CODE           	128C	0000	24
		_Teclado4x4    		CODE           	0EAA	0000	192
		_ISR           		CODE           	0008	0000	28
		_mostrar_conteo		CODE           	0C14	0000	242
		_main          		CODE           	0894	0000	896
		_color         		CODE           	10E2	0000	98
		_lcd_animacion_bienvenida		CODE           	0F6A	0000	136
		_unidad        		CODE           	12BA	0000	20

laboratorio_4.c estimated size: 1636

C:\Program Files\Microchip\xc8\v2.50\pic\sources\c90\common\lwmod.c
		___lwmod       		CODE           	1196	0000	66

C:\Program Files\Microchip\xc8\v2.50\pic\sources\c90\common\lwmod.c estimated size: 66

C:\Program Files\Microchip\xc8\v2.50\pic\sources\c90\common\awmod.c
		___awmod       		CODE           	1074	0000	110

C:\Program Files\Microchip\xc8\v2.50\pic\sources\c90\common\awmod.c estimated size: 110

C:\Program Files\Microchip\xc8\v2.50\pic\sources\c90\common\lwdiv.c
		___lwdiv       		CODE           	1144	0000	82

C:\Program Files\Microchip\xc8\v2.50\pic\sources\c90\common\lwdiv.c estimated size: 82

shared
		_teclas        		SMALLCONST     	0801	0000	16
		__initialization		CODE           	1214	0000	30

shared estimated size: 46

lcd.c
		_Lcd_Shift_Left		CODE           	12E6	0000	8
		_Lcd_String    		CODE           	1240	0000	40
		_Lcd_Init      		CODE           	11D8	0000	60
		_Lcd_Cmd       		CODE           	0DD8	0000	210
		_Lcd_Shift_Right		CODE           	12DE	0000	8
		_Lcd_Char      		CODE           	0D06	0000	210
		_Lcd_Set_Cursor		CODE           	1268	0000	36
		_Lcd_Clear     		CODE           	12CE	0000	16

lcd.c estimated size: 588

C:\Program Files\Microchip\xc8\v2.50\pic\sources\c90\common\awdiv.c
		___awdiv       		CODE           	0FF2	0000	130

C:\Program Files\Microchip\xc8\v2.50\pic\sources\c90\common\awdiv.c estimated size: 130

