Microchip MPLAB XC8 Compiler V2.50

Linker command line:

-W-3 \
  --edf=C:\Program Files\Microchip\xc8\v2.50\pic\dat\20240725155939_en.msgs \
  -cn -h+dist/default/production\Laboratorio_6.X.production.sym \
  --cmf=dist/default/production\Laboratorio_6.X.production.cmf -z -Q18F4550 \
  -oC:\Users\USER\AppData\Local\Temp\xcAs9c4.\driver_tmp_3.obj \
  -Mdist/default/production/Laboratorio_6.X.production.map \
  --md=C:\Users\USER\AppData\Local\Temp\xcAs9c4.\driver_tmp_0.dat -E1 \
  -ver=XC8 Compiler -ACODE=00h-07FFFh -ACONST=00h-07FFFh \
  -ASMALLCONST=0800h-08FFhx120 -AMEDIUMCONST=0800h-07FFFh -ACOMRAM=01h-05Fh \
  -AABS1=00h-07FFh -ABIGRAM=01h-07FFh -ARAM=060h-0FFh,0100h-01FFhx7 \
  -ABANK0=060h-0FFh -ABANK1=0100h-01FFh -ABANK2=0200h-02FFh \
  -ABANK3=0300h-03FFh -ABANK4=0400h-04FFh -ABANK5=0500h-05FFh \
  -ABANK6=0600h-06FFh -ABANK7=0700h-07FFh -ASFR=0F60h-0FFFh \
  -ABIGSFR=0F60h-0FFFh -ACONFIG=0300000h-030000Dh -AIDLOC=0200000h-0200007h \
  -AEEDATA=0F00000h-0F000FFh -peeprom_data=EEDATA \
  -preset_vec=00h,intcode=8h,intcodelo,powerup,init -pramtop=0800h \
  -psmallconst=SMALLCONST -pmediumconst=MEDIUMCONST -pconst=CONST \
  -AFARRAM=00h-00h \
  -prdata=COMRAM,nvrram=COMRAM,nvbit=COMRAM,rbss=COMRAM,rbit=COMRAM \
  -pfarbss=FARRAM,fardata=FARRAM,nvFARRAM=FARRAM \
  -pintsave_regs=BIGRAM,bigbss=BIGRAM,bigdata=BIGRAM -pbss=RAM \
  -pidata=CODE,irdata=CODE,ibigdata=CODE,ifardata=CODE -prparam=COMRAM \
  C:\Users\USER\AppData\Local\Temp\xcAs9c4.\driver_tmp_9.obj \
  dist/default/production\Laboratorio_6.X.production.obj 

Object code version is 3.11

Machine type is 18F4550



                Name                               Link     Load   Length Selector   Space Scale
C:\Users\USER\AppData\Local\Temp\xcAs9c4.\driver_tmp_9.obj
                idloc                            200000   200000        8        0       5
                config                           300000   300000        E        0       4
                init                                  E        E        4        4       0
                reset_vec                             0        0        4        0       0
dist/default/production\Laboratorio_6.X.production.obj
                intcode                               8        8        6        4       0
                idloc                            200000   200000        8        0       5
                config                           300000   300000        E        0       4
                temp                                 4A       4A        1        1       1
                mediumconst                        7E4C     7E4C      1B4     3F26       0
                text49                             19F8     19F8       20        4       0
                text48                             1AC0     1AC0        C        4       0
                text47                             193A     193A       2A        4       0
                text46                             184C     184C       38        4       0
                text45                             1964     1964       28        4       0
                text44                             1810     1810       3C        4       0
                text43                              F9A      F9A       D2        4       0
                text42                             1AB0     1AB0       10        4       0
                text41                             19D4     19D4       24        4       0
                text40                              EC8      EC8       D2        4       0
                text39                             1910     1910       2A        4       0
                text38                             17CE     17CE       42        4       0
                text37                             16B6     16B6       52        4       0
                text36                             178C     178C       42        4       0
                text35                             155A     155A       62        4       0
                text34                             1A8E     1A8E       12        4       0
                text33                             13AA     13AA       72        4       0
                text32                             12B6     12B6       82        4       0
                text31                             148A     148A       6E        4       0
                text30                              A6E      A6E       FA        4       0
                text29                             1A34     1A34       1C        4       0
                intcode_body                         12       12      422        4       0
                text27                              DF6      DF6       D2        4       0
                text26                             1AA0     1AA0       10        4       0
                text25                             1664     1664       52        4       0
                text24                             106C     106C       AE        4       0
                text23                              B68      B68       E6        4       0
                text22                              C4E      C4E       D6        4       0
                text21                             19B0     19B0       24        4       0
                text20                             1234     1234       82        4       0
                text19                             1A66     1A66       16        4       0
                text18                             1A50     1A50       16        4       0
                text17                             198C     198C       24        4       0
                text16                              D24      D24       D2        4       0
                text15                             18E6     18E6       2A        4       0
                text14                             174A     174A       42        4       0
                text13                             111A     111A       98        4       0
                text12                             1884     1884       36        4       0
                text11                             141C     141C       6E        4       0
                text10                              76C      76C      208        4       0
                text9                              15BC     15BC       56        4       0
                text8                              1612     1612       52        4       0
                text7                              1708     1708       42        4       0
                text6                              14F8     14F8       62        4       0
                text5                              1A7C     1A7C       12        4       0
                text4                              1338     1338       72        4       0
                text3                              11B2     11B2       82        4       0
                text2                               974      974       FA        4       0
                text1                              1A18     1A18       1C        4       0
                text0                               434      434      338        4       0
                cstackCOMRAM                          1        1       32        1       1
                cstackBANK0                          60       60       23       60       1
                dataCOMRAM                           49       49        1        1       1
                bssCOMRAM                            33       33       16        1       1
                cinit                              18BA     18BA       2C        4       0
                idataCOMRAM                        1ACC     1ACC        1        4       0

TOTAL           Name                               Link     Load   Length     Space
        CLASS   CODE           
                intcode                               8        8        6         0
                init                                  E        E        4         0
                reset_vec                             0        0        4         0
                text49                             19F8     19F8       20         0
                text48                             1AC0     1AC0        C         0
                text47                             193A     193A       2A         0
                text46                             184C     184C       38         0
                text45                             1964     1964       28         0
                text44                             1810     1810       3C         0
                text43                              F9A      F9A       D2         0
                text42                             1AB0     1AB0       10         0
                text41                             19D4     19D4       24         0
                text40                              EC8      EC8       D2         0
                text39                             1910     1910       2A         0
                text38                             17CE     17CE       42         0
                text37                             16B6     16B6       52         0
                text36                             178C     178C       42         0
                text35                             155A     155A       62         0
                text34                             1A8E     1A8E       12         0
                text33                             13AA     13AA       72         0
                text32                             12B6     12B6       82         0
                text31                             148A     148A       6E         0
                text30                              A6E      A6E       FA         0
                text29                             1A34     1A34       1C         0
                intcode_body                         12       12      422         0
                text27                              DF6      DF6       D2         0
                text26                             1AA0     1AA0       10         0
                text25                             1664     1664       52         0
                text24                             106C     106C       AE         0
                text23                              B68      B68       E6         0
                text22                              C4E      C4E       D6         0
                text21                             19B0     19B0       24         0
                text20                             1234     1234       82         0
                text19                             1A66     1A66       16         0
                text18                             1A50     1A50       16         0
                text17                             198C     198C       24         0
                text16                              D24      D24       D2         0
                text15                             18E6     18E6       2A         0
                text14                             174A     174A       42         0
                text13                             111A     111A       98         0
                text12                             1884     1884       36         0
                text11                             141C     141C       6E         0
                text10                              76C      76C      208         0
                text9                              15BC     15BC       56         0
                text8                              1612     1612       52         0
                text7                              1708     1708       42         0
                text6                              14F8     14F8       62         0
                text5                              1A7C     1A7C       12         0
                text4                              1338     1338       72         0
                text3                              11B2     11B2       82         0
                text2                               974      974       FA         0
                text1                              1A18     1A18       1C         0
                text0                               434      434      338         0
                cinit                              18BA     18BA       2C         0
                idataCOMRAM                        1ACC     1ACC        1         0

        CLASS   CONST          

        CLASS   SMALLCONST     

        CLASS   MEDIUMCONST    
                mediumconst                        7E4C     7E4C      1B4         0

        CLASS   COMRAM         
                temp                                 4A       4A        1         1
                cstackCOMRAM                          1        1       32         1
                dataCOMRAM                           49       49        1         1
                bssCOMRAM                            33       33       16         1

        CLASS   ABS1           

        CLASS   BIGRAM         

        CLASS   RAM            

        CLASS   BANK0          
                cstackBANK0                          60       60       23         1

        CLASS   BANK1          

        CLASS   BANK2          

        CLASS   BANK3          

        CLASS   BANK4          

        CLASS   BANK5          

        CLASS   BANK6          

        CLASS   BANK7          

        CLASS   SFR            

        CLASS   BIGSFR         

        CLASS   CONFIG         
                config                           300000   300000        E         4

        CLASS   IDLOC          
                idloc                            200000   200000        8         5

        CLASS   EEDATA         

        CLASS   FARRAM         

        CLASS   HEAP           

        CLASS   STACK          



SEGMENTS        Name                           Load    Length   Top    Selector   Space  Class

                reset_vec                      000000  000004  000004         0       0  CODE    
                cstackCOMRAM                   000001  00004A  00004B         1       1  COMRAM  
                intcode                        000008  001AC5  001ACD         4       0  CODE    
                cstackBANK0                    000060  000023  000083        60       1  BANK0   
                mediumconst                    007E4C  0001B4  008000      3F26       0  MEDIUMCO


UNUSED ADDRESS RANGES

        Name                Unused          Largest block    Delta
        BANK0            000083-0000FF               7D
        BANK1            000100-0001FF              100
        BANK2            000200-0002FF              100
        BANK3            000300-0003FF              100
        BANK4            000400-0004FF              100
        BANK5            000500-0005FF              100
        BANK6            000600-0006FF              100
        BANK7            000700-0007FF              100
        BIGRAM           00004B-00005F               15
                         000083-0007FF              77D
        BIGSFR           000F60-000FFF               A0
        CODE             000004-000007                4
                         001ACD-007E4B             637F
        COMRAM           00004B-00005F               15
        CONST            000004-000007                4
                         001ACD-007E4B             637F
        EEDATA           F00000-F000FF              100
        MEDIUMCONST      001ACD-007E4B             637F
        RAM              000083-0007FF              100
        SFR              000F60-000FFF               A0
        SMALLCONST       001ACD-007E4B              100

                                  Symbol Table

?___awdiv                              cstackCOMRAM 000016
?___awmod                              cstackCOMRAM 000016
?___ftdiv                              cstackCOMRAM 000021
?___ftpack                             cstackCOMRAM 000016
?___fttol                              cstackBANK0  000060
?___lwdiv                              cstackCOMRAM 000016
?___lwmod                              cstackCOMRAM 000016
?___lwtoft                             cstackCOMRAM 00001E
?i2___awdiv                            cstackCOMRAM 000001
?i2___awmod                            cstackCOMRAM 000001
?i2___lwdiv                            cstackCOMRAM 000001
?i2___lwmod                            cstackCOMRAM 000001
ConversionADC@canal                    cstackCOMRAM 000001
LCD_CrearCaracter@i                    cstackCOMRAM 00001E
LCD_CrearCaracter@pattern              cstackCOMRAM 000019
LCD_CrearCaracter@pos                  cstackCOMRAM 00001D
Lcd_Char@data                          cstackCOMRAM 000018
Lcd_Cmd@cmd                            cstackCOMRAM 000018
Lcd_Set_Cursor@column                  cstackCOMRAM 000019
Lcd_Set_Cursor@pos                     cstackCOMRAM 00001B
Lcd_Set_Cursor@row                     cstackCOMRAM 00001A
Lcd_String@str                         cstackCOMRAM 000019
MedirDistancia@aux                     cstackCOMRAM 000030
Transmitir@BufferT                     cstackCOMRAM 000001
Transmitir_Cadena@cadena               cstackCOMRAM 000002
Transmitir_Numero@valor                cstackCOMRAM 000009
_ADCON0                                (abs)        000FC2
_ADCON1                                (abs)        000FC1
_ADCON2                                (abs)        000FC0
_ADRESH                                (abs)        000FC4
_BAUDCON                               (abs)        000FB8
_BufferR                               bssCOMRAM    000044
_CCP1CON                               (abs)        000FBD
_CCP2CON                               (abs)        000FBA
_CCP2IF                                (abs)        007D08
_CCPR1L                                (abs)        000FBE
_CCPR2                                 (abs)        000FBB
_CREN                                  (abs)        007D5C
_ConversionADC                         text49       0019F8
_EMOTOR                                bssCOMRAM    000033
_GIE                                   (abs)        007F97
_GO                                    (abs)        007E11
_INT2IE                                (abs)        007F84
_INT2IF                                (abs)        007F81
_ISR                                   intcode      000008
_LATA                                  (abs)        000F89
_LATA1                                 (abs)        007C49
_LATA2                                 (abs)        007C4A
_LATA3                                 (abs)        007C4B
_LATA4                                 (abs)        007C4C
_LATA5                                 (abs)        007C4D
_LATB                                  (abs)        000F8A
_LATC0                                 (abs)        007C58
_LATC2                                 (abs)        007C5A
_LATD                                  (abs)        000F8C
_LATD4                                 (abs)        007C64
_LATD5                                 (abs)        007C65
_LATD6                                 (abs)        007C66
_LATD7                                 (abs)        007C67
_LATE                                  (abs)        000F8D
_LCD_CrearCaracter                     text12       001884
_Lcd_Char                              text16       000D24
_Lcd_Clear                             text26       001AA0
_Lcd_Cmd                               text27       000DF6
_Lcd_Init                              text25       001664
_Lcd_Set_Cursor                        text17       00198C
_Lcd_Set_Cursor$184                    cstackCOMRAM 00001C
_Lcd_String                            text15       0018E6
_MedirDistancia                        text20       001234
_OERR                                  (abs)        007D59
_PEIE                                  (abs)        007F96
_POR                                   (abs)        007E81
_PORTB                                 (abs)        000F81
_PR2                                   (abs)        000FCB
_RB4                                   (abs)        007C0C
_RB5                                   (abs)        007C0D
_RB6                                   (abs)        007C0E
_RB7                                   (abs)        007C0F
_RBIE                                  (abs)        007F93
_RBIF                                  (abs)        007F90
_RBPU                                  (abs)        007F8F
_RC1                                   (abs)        007C11
_RCIE                                  (abs)        007CED
_RCIF                                  (abs)        007CF5
_RCREG                                 (abs)        000FAE
_RCSTA                                 (abs)        000FAB
_SPBRG                                 (abs)        000FAF
_T0CON                                 (abs)        000FD5
_T1CON                                 (abs)        000FCD
_T2CON                                 (abs)        000FCA
_TMR0                                  (abs)        000FD6
_TMR0IE                                (abs)        007F95
_TMR0IF                                (abs)        007F92
_TMR0ON                                (abs)        007EAF
_TMR1                                  (abs)        000FCE
_TMR1IF                                (abs)        007CF0
_TMR1ON                                (abs)        007E68
_TMR2                                  (abs)        000FCC
_TMR2ON                                (abs)        007E52
_TRISA                                 (abs)        000F92
_TRISA5                                (abs)        007C95
_TRISB                                 (abs)        000F93
_TRISC0                                (abs)        007CA0
_TRISC1                                (abs)        007CA1
_TRISC2                                (abs)        007CA2
_TRISD                                 (abs)        000F95
_TRISE                                 (abs)        000F96
_TXIE                                  (abs)        007CEC
_TXIF                                  (abs)        007CF4
_TXREG                                 (abs)        000FAD
_TXSTA                                 (abs)        000FAC
_Tecla                                 bssCOMRAM    000046
_Transmitir                            text48       001AC0
_Transmitir_Cadena                     text47       00193A
_Transmitir_Numero                     text44       001810
_VADC                                  bssCOMRAM    000037
__HRAM                                 (abs)        000000
__H__absolute__                        __absolute__ 000000
__Habs1                                abs1         000000
__Hbank0                               bank0        000000
__Hbank1                               bank1        000000
__Hbank2                               bank2        000000
__Hbank3                               bank3        000000
__Hbank4                               bank4        000000
__Hbank5                               bank5        000000
__Hbank6                               bank6        000000
__Hbank7                               bank7        000000
__Hbigbss                              bigbss       000000
__Hbigdata                             bigdata      000000
__Hbigram                              bigram       000000
__Hbigsfr                              bigsfr       000000
__Hbss                                 bss          000000
__HbssCOMRAM                           bssCOMRAM    000000
__Hcinit                               cinit        000000
__Hclrtext                             clrtext      000000
__Hcomram                              comram       000000
__Hconfig                              config       30000E
__Hconst                               const        000000
__HcstackBANK0                         cstackBANK0  000000
__HcstackCOMRAM                        cstackCOMRAM 000000
__Hdata                                data         000000
__HdataCOMRAM                          dataCOMRAM   000000
__Heeprom_data                         eeprom_data  000000
__Hfarbss                              farbss       000000
__Hfardata                             fardata      000000
__Hheap                                heap         000000
__Hibigdata                            ibigdata     000000
__Hidata                               idata        000000
__HidataCOMRAM                         idataCOMRAM  000000
__Hidloc                               idloc        200008
__Hifardata                            ifardata     000000
__Hinit                                init         000012
__Hintcode                             intcode      00000E
__Hintcode_body                        intcode_body 000000
__Hintcodelo                           intcodelo    00000E
__Hintentry                            intentry     000000
__Hintret                              intret       000000
__Hintsave_regs                        intsave_regs 000000
__Hirdata                              irdata       000000
__Hmediumconst                         mediumconst  008000
__HnvFARRAM                            nvFARRAM     000000
__Hnvbit                               nvbit        000000
__Hnvrram                              nvrram       000000
__Hparam                               rparam       000000
__Hpowerup                             powerup      00000E
__Hram                                 ram          000000
__Hramtop                              ramtop       000800
__Hrbit                                rbit         000000
__Hrbss                                rbss         000000
__Hrdata                               rdata        000000
__Hreset_vec                           reset_vec    000004
__Hrparam                              rparam       000000
__Hsfr                                 sfr          000000
__Hsivt_hi                             sivt_hi      000000
__Hsivt_lo                             sivt_lo      000000
__Hsmallconst                          smallconst   000000
__Hspace_0                             (abs)        008000
__Hspace_1                             (abs)        000083
__Hspace_2                             (abs)        000000
__Hspace_4                             (abs)        60000E
__Hstack                               stack        000000
__Hstruct                              struct       000000
__Htemp                                temp         00004B
__Htext                                text         000000
__Htext0                               text0        000000
__Htext1                               text1        000000
__Htext10                              text10       000000
__Htext11                              text11       000000
__Htext12                              text12       000000
__Htext13                              text13       000000
__Htext14                              text14       000000
__Htext15                              text15       000000
__Htext16                              text16       000000
__Htext17                              text17       000000
__Htext18                              text18       000000
__Htext19                              text19       000000
__Htext2                               text2        000000
__Htext20                              text20       000000
__Htext21                              text21       000000
__Htext22                              text22       000000
__Htext23                              text23       000000
__Htext24                              text24       000000
__Htext25                              text25       000000
__Htext26                              text26       000000
__Htext27                              text27       000000
__Htext29                              text29       000000
__Htext3                               text3        000000
__Htext30                              text30       000000
__Htext31                              text31       000000
__Htext32                              text32       000000
__Htext33                              text33       000000
__Htext34                              text34       000000
__Htext35                              text35       000000
__Htext36                              text36       000000
__Htext37                              text37       000000
__Htext38                              text38       000000
__Htext39                              text39       000000
__Htext4                               text4        000000
__Htext40                              text40       000000
__Htext41                              text41       000000
__Htext42                              text42       000000
__Htext43                              text43       000000
__Htext44                              text44       000000
__Htext45                              text45       000000
__Htext46                              text46       000000
__Htext47                              text47       000000
__Htext48                              text48       000000
__Htext49                              text49       000000
__Htext5                               text5        000000
__Htext6                               text6        000000
__Htext7                               text7        000000
__Htext8                               text8        000000
__Htext9                               text9        000000
__LRAM                                 (abs)        000001
__L__absolute__                        __absolute__ 000000
__Labs1                                abs1         000000
__Lbank0                               bank0        000000
__Lbank1                               bank1        000000
__Lbank2                               bank2        000000
__Lbank3                               bank3        000000
__Lbank4                               bank4        000000
__Lbank5                               bank5        000000
__Lbank6                               bank6        000000
__Lbank7                               bank7        000000
__Lbigbss                              bigbss       000000
__Lbigdata                             bigdata      000000
__Lbigram                              bigram       000000
__Lbigsfr                              bigsfr       000000
__Lbss                                 bss          000000
__LbssCOMRAM                           bssCOMRAM    000000
__Lcinit                               cinit        000000
__Lclrtext                             clrtext      000000
__Lcomram                              comram       000000
__Lconfig                              config       000000
__Lconst                               const        000000
__LcstackBANK0                         cstackBANK0  000000
__LcstackCOMRAM                        cstackCOMRAM 000000
__Ldata                                data         000000
__LdataCOMRAM                          dataCOMRAM   000000
__Leeprom_data                         eeprom_data  000000
__Lfarbss                              farbss       000000
__Lfardata                             fardata      000000
__Lheap                                heap         000000
__Libigdata                            ibigdata     000000
__Lidata                               idata        000000
__LidataCOMRAM                         idataCOMRAM  000000
__Lidloc                               idloc        000000
__Lifardata                            ifardata     000000
__Linit                                init         00000E
__Lintcode                             intcode      000008
__Lintcode_body                        intcode_body 000000
__Lintcodelo                           intcodelo    00000E
__Lintentry                            intentry     000000
__Lintret                              intret       000000
__Lintsave_regs                        intsave_regs 000000
__Lirdata                              irdata       000000
__Lmediumconst                         mediumconst  007E4C
__LnvFARRAM                            nvFARRAM     000000
__Lnvbit                               nvbit        000000
__Lnvrram                              nvrram       000000
__Lparam                               rparam       000000
__Lpowerup                             powerup      00000E
__Lram                                 ram          000000
__Lramtop                              ramtop       000800
__Lrbit                                rbit         000000
__Lrbss                                rbss         000000
__Lrdata                               rdata        000000
__Lreset_vec                           reset_vec    000000
__Lrparam                              rparam       000000
__Lsfr                                 sfr          000000
__Lsivt_hi                             sivt_hi      000000
__Lsivt_lo                             sivt_lo      000000
__Lsmallconst                          smallconst   000000
__Lspace_0                             (abs)        000000
__Lspace_1                             (abs)        000000
__Lspace_2                             (abs)        000000
__Lspace_4                             (abs)        000000
__Lstack                               stack        000000
__Lstruct                              struct       000000
__Ltemp                                temp         00004A
__Ltext                                text         000000
__Ltext0                               text0        000000
__Ltext1                               text1        000000
__Ltext10                              text10       000000
__Ltext11                              text11       000000
__Ltext12                              text12       000000
__Ltext13                              text13       000000
__Ltext14                              text14       000000
__Ltext15                              text15       000000
__Ltext16                              text16       000000
__Ltext17                              text17       000000
__Ltext18                              text18       000000
__Ltext19                              text19       000000
__Ltext2                               text2        000000
__Ltext20                              text20       000000
__Ltext21                              text21       000000
__Ltext22                              text22       000000
__Ltext23                              text23       000000
__Ltext24                              text24       000000
__Ltext25                              text25       000000
__Ltext26                              text26       000000
__Ltext27                              text27       000000
__Ltext29                              text29       000000
__Ltext3                               text3        000000
__Ltext30                              text30       000000
__Ltext31                              text31       000000
__Ltext32                              text32       000000
__Ltext33                              text33       000000
__Ltext34                              text34       000000
__Ltext35                              text35       000000
__Ltext36                              text36       000000
__Ltext37                              text37       000000
__Ltext38                              text38       000000
__Ltext39                              text39       000000
__Ltext4                               text4        000000
__Ltext40                              text40       000000
__Ltext41                              text41       000000
__Ltext42                              text42       000000
__Ltext43                              text43       000000
__Ltext44                              text44       000000
__Ltext45                              text45       000000
__Ltext46                              text46       000000
__Ltext47                              text47       000000
__Ltext48                              text48       000000
__Ltext49                              text49       000000
__Ltext5                               text5        000000
__Ltext6                               text6        000000
__Ltext7                               text7        000000
__Ltext8                               text8        000000
__Ltext9                               text9        000000
__S0                                   (abs)        008000
__S1                                   (abs)        000083
__S4                                   (abs)        000000
__S5                                   (abs)        000000
___awdiv                               text3        0011B2
___awdiv@counter                       cstackCOMRAM 00001A
___awdiv@dividend                      cstackCOMRAM 000016
___awdiv@divisor                       cstackCOMRAM 000018
___awdiv@quotient                      cstackCOMRAM 00001C
___awdiv@sign                          cstackCOMRAM 00001B
___awmod                               text11       00141C
___awmod@counter                       cstackCOMRAM 00001A
___awmod@dividend                      cstackCOMRAM 000016
___awmod@divisor                       cstackCOMRAM 000018
___awmod@sign                          cstackCOMRAM 00001B
___ftdiv                               text23       000B68
___ftdiv@cntr                          cstackCOMRAM 00002A
___ftdiv@exp                           cstackCOMRAM 00002E
___ftdiv@f1                            cstackCOMRAM 000021
___ftdiv@f2                            cstackCOMRAM 000024
___ftdiv@f3                            cstackCOMRAM 00002B
___ftdiv@sign                          cstackCOMRAM 00002F
___ftpack                              text24       00106C
___ftpack@arg                          cstackCOMRAM 000016
___ftpack@exp                          cstackCOMRAM 000019
___ftpack@sign                         cstackCOMRAM 00001A
___fttol                               text22       000C4E
___fttol@exp1                          cstackBANK0  00006E
___fttol@f1                            cstackBANK0  000060
___fttol@lval                          cstackBANK0  00006A
___fttol@sign1                         cstackBANK0  000069
___heap_hi                             (abs)        000000
___heap_lo                             (abs)        000000
___inthi_sp                            stack        000000
___inthi_stack_hi                      stack        000000
___inthi_stack_lo                      stack        000000
___intlo_sp                            stack        000000
___intlo_stack_hi                      stack        000000
___intlo_stack_lo                      stack        000000
___lbdiv                               text46       00184C
___lbdiv@counter                       cstackCOMRAM 000003
___lbdiv@dividend                      cstackCOMRAM 000002
___lbdiv@divisor                       cstackCOMRAM 000001
___lbdiv@quotient                      cstackCOMRAM 000004
___lbmod                               text45       001964
___lbmod@counter                       cstackCOMRAM 000007
___lbmod@dividend                      cstackCOMRAM 000006
___lbmod@divisor                       cstackCOMRAM 000005
___lbmod@rem                           cstackCOMRAM 000008
___lwdiv                               text8        001612
___lwdiv@counter                       cstackCOMRAM 00001A
___lwdiv@dividend                      cstackCOMRAM 000016
___lwdiv@divisor                       cstackCOMRAM 000018
___lwdiv@quotient                      cstackCOMRAM 00001B
___lwmod                               text7        001708
___lwmod@counter                       cstackCOMRAM 00001A
___lwmod@dividend                      cstackCOMRAM 000016
___lwmod@divisor                       cstackCOMRAM 000018
___lwtoft                              text21       0019B0
___lwtoft@c                            cstackCOMRAM 00001E
___param_bank                          (abs)        000000
___rparam_used                         (abs)        000001
___sp                                  stack        000000
___stack_hi                            stack        000000
___stack_lo                            stack        000000
__accesstop                            (abs)        000060
__activetblptr                         (abs)        000002
__end_of_ConversionADC                 text49       001A18
__end_of_ISR                           intcode_body 000434
__end_of_LCD_CrearCaracter             text12       0018BA
__end_of_Lcd_Char                      text16       000DF6
__end_of_Lcd_Clear                     text26       001AB0
__end_of_Lcd_Cmd                       text27       000EC8
__end_of_Lcd_Init                      text25       0016B6
__end_of_Lcd_Set_Cursor                text17       0019B0
__end_of_Lcd_String                    text15       001910
__end_of_MedirDistancia                text20       0012B6
__end_of_Transmitir                    text48       001ACC
__end_of_Transmitir_Cadena             text47       001964
__end_of_Transmitir_Numero             text44       00184C
__end_of___awdiv                       text3        001234
__end_of___awmod                       text11       00148A
__end_of___ftdiv                       text23       000C4E
__end_of___ftpack                      text24       00111A
__end_of___fttol                       text22       000D24
__end_of___lbdiv                       text46       001884
__end_of___lbmod                       text45       00198C
__end_of___lwdiv                       text8        001664
__end_of___lwmod                       text7        00174A
__end_of___lwtoft                      text21       0019D4
__end_of__initialization               cinit        0018D8
__end_of_beep_corto                    text19       001A7C
__end_of_beep_largo                    text18       001A66
__end_of_color                         text6        00155A
__end_of_emergencia                    text14       00178C
__end_of_explosion                     mediumconst  007E7D
__end_of_inicializar_hardware          text13       0011B2
__end_of_lcd_animacion_bienvenida      text10       000974
__end_of_main                          text0        00076C
__end_of_mapa_teclas                   mediumconst  007E75
__end_of_mensaje_reset                 text9        001612
__end_of_mostrar_completado            text4        0013AA
__end_of_mostrar_conteo                text2        000A6E
__end_of_mostrar_valor                 text1        001A34
__end_of_rpg                           mediumconst  007E85
__end_of_runner0                       mediumconst  007E9D
__end_of_runner1                       mediumconst  007E95
__end_of_runner2                       mediumconst  007E8D
__end_of_unidad                        text5        001A8E
__end_ofi2_Lcd_Char                    text40       000F9A
__end_ofi2_Lcd_Clear                   text42       001AC0
__end_ofi2_Lcd_Cmd                     text43       00106C
__end_ofi2_Lcd_Set_Cursor              text41       0019F8
__end_ofi2_Lcd_String                  text39       00193A
__end_ofi2___awdiv                     text32       001338
__end_ofi2___awmod                     text31       0014F8
__end_ofi2___lwdiv                     text37       001708
__end_ofi2___lwmod                     text36       0017CE
__end_ofi2_color                       text35       0015BC
__end_ofi2_emergencia                  text38       001810
__end_ofi2_mostrar_completado          text33       00141C
__end_ofi2_mostrar_conteo              text30       000B68
__end_ofi2_mostrar_valor               text29       001A50
__end_ofi2_unidad                      text34       001AA0
__end_oflcd_animacion_bienvenida@F3174 mediumconst  007E64
__initialization                       cinit        0018BA
__mediumconst                          mediumconst  007E4C
__pbssCOMRAM                           bssCOMRAM    000033
__pcinit                               cinit        0018BA
__pcstackBANK0                         cstackBANK0  000060
__pcstackCOMRAM                        cstackCOMRAM 000001
__pdataCOMRAM                          dataCOMRAM   000049
__pidataCOMRAM                         idataCOMRAM  001ACC
__pintcode                             intcode      000008
__pintcode_body                        intcode_body 000012
__pmediumconst                         mediumconst  007E4C
__ptext0                               text0        000434
__ptext1                               text1        001A18
__ptext10                              text10       00076C
__ptext11                              text11       00141C
__ptext12                              text12       001884
__ptext13                              text13       00111A
__ptext14                              text14       00174A
__ptext15                              text15       0018E6
__ptext16                              text16       000D24
__ptext17                              text17       00198C
__ptext18                              text18       001A50
__ptext19                              text19       001A66
__ptext2                               text2        000974
__ptext20                              text20       001234
__ptext21                              text21       0019B0
__ptext22                              text22       000C4E
__ptext23                              text23       000B68
__ptext24                              text24       00106C
__ptext25                              text25       001664
__ptext26                              text26       001AA0
__ptext27                              text27       000DF6
__ptext29                              text29       001A34
__ptext3                               text3        0011B2
__ptext30                              text30       000A6E
__ptext31                              text31       00148A
__ptext32                              text32       0012B6
__ptext33                              text33       0013AA
__ptext34                              text34       001A8E
__ptext35                              text35       00155A
__ptext36                              text36       00178C
__ptext37                              text37       0016B6
__ptext38                              text38       0017CE
__ptext39                              text39       001910
__ptext4                               text4        001338
__ptext40                              text40       000EC8
__ptext41                              text41       0019D4
__ptext42                              text42       001AB0
__ptext43                              text43       000F9A
__ptext44                              text44       001810
__ptext45                              text45       001964
__ptext46                              text46       00184C
__ptext47                              text47       00193A
__ptext48                              text48       001AC0
__ptext49                              text49       0019F8
__ptext5                               text5        001A7C
__ptext6                               text6        0014F8
__ptext7                               text7        001708
__ptext8                               text8        001612
__ptext9                               text9        0015BC
__ramtop                               ramtop       000800
__smallconst                           smallconst   000000
_beep_corto                            text19       001A66
_beep_largo                            text18       001A50
_btnRC0_ant                            bssCOMRAM    000045
_color                                 text6        0014F8
_contador                              bssCOMRAM    00003D
_ctimeout                              bssCOMRAM    000047
_distancia                             bssCOMRAM    000043
_emergencia                            text14       00174A
_estado                                bssCOMRAM    000041
_etimeout                              bssCOMRAM    000048
_explosion                             mediumconst  007E75
_inactividad                           bssCOMRAM    000039
_inicializar_hardware                  text13       00111A
_input                                 bssCOMRAM    00003B
_lcd_animacion_bienvenida              text10       00076C
_lcd_animacion_bienvenida$270          cstackBANK0  000077
_lcd_backlight                         dataCOMRAM   000049
_main                                  text0        000434
_mapa_teclas                           mediumconst  007E64
_mensaje_reset                         text9        0015BC
_mostrar_completado                    text4        001338
_mostrar_conteo                        text2        000974
_mostrar_valor                         text1        001A18
_objetivo                              bssCOMRAM    00003F
_rpg                                   mediumconst  007E7D
_runner0                               mediumconst  007E95
_runner1                               mediumconst  007E8D
_runner2                               mediumconst  007E85
_unidad                                text5        001A7C
_vle                                   bssCOMRAM    000035
btemp                                  temp         00004A
color@i                                cstackCOMRAM 00001D
end_of_initialization                  cinit        0018D8
i2Lcd_Char@data                        cstackCOMRAM 000003
i2Lcd_Cmd@cmd                          cstackCOMRAM 000003
i2Lcd_Set_Cursor@column                cstackCOMRAM 000004
i2Lcd_Set_Cursor@pos                   cstackCOMRAM 000008
i2Lcd_Set_Cursor@row                   cstackCOMRAM 000005
i2Lcd_String@str                       cstackCOMRAM 000004
i2_Lcd_Char                            text40       000EC8
i2_Lcd_Clear                           text42       001AB0
i2_Lcd_Cmd                             text43       000F9A
i2_Lcd_Set_Cursor                      text41       0019D4
i2_Lcd_Set_Cursor$184                  cstackCOMRAM 000006
i2_Lcd_String                          text39       001910
i2___awdiv                             text32       0012B6
i2___awdiv@counter                     cstackCOMRAM 000005
i2___awdiv@dividend                    cstackCOMRAM 000001
i2___awdiv@divisor                     cstackCOMRAM 000003
i2___awdiv@quotient                    cstackCOMRAM 000007
i2___awdiv@sign                        cstackCOMRAM 000006
i2___awmod                             text31       00148A
i2___awmod@counter                     cstackCOMRAM 000005
i2___awmod@dividend                    cstackCOMRAM 000001
i2___awmod@divisor                     cstackCOMRAM 000003
i2___awmod@sign                        cstackCOMRAM 000006
i2___lwdiv                             text37       0016B6
i2___lwdiv@counter                     cstackCOMRAM 000007
i2___lwdiv@dividend                    cstackCOMRAM 000001
i2___lwdiv@divisor                     cstackCOMRAM 000003
i2___lwdiv@quotient                    cstackCOMRAM 000005
i2___lwmod                             text36       00178C
i2___lwmod@counter                     cstackCOMRAM 000005
i2___lwmod@dividend                    cstackCOMRAM 000001
i2___lwmod@divisor                     cstackCOMRAM 000003
i2_color                               text35       00155A
i2_emergencia                          text38       0017CE
i2_mostrar_completado                  text33       0013AA
i2_mostrar_conteo                      text30       000A6E
i2_mostrar_valor                       text29       001A34
i2_unidad                              text34       001A8E
i2color@i                              cstackCOMRAM 000008
i2mostrar_conteo@faltan                cstackCOMRAM 00000C
i2unidad@i                             cstackCOMRAM 000006
int$flags                              temp         00004A
int_func                               intcode_body 000012
intlevel0                              text         000000
intlevel1                              text         000000
intlevel2                              text         000000
intlevel3                              text         000000
isa$std                                (abs)        000001
isa$xinst                              (abs)        000000
lcd_animacion_bienvenida@F3174         mediumconst  007E4D
lcd_animacion_bienvenida@c             cstackBANK0  00007D
lcd_animacion_bienvenida@i             cstackBANK0  00007B
lcd_animacion_bienvenida@j             cstackBANK0  00007E
lcd_animacion_bienvenida@mensaje       cstackBANK0  000060
lcd_animacion_bienvenida@offset        cstackBANK0  000080
lcd_animacion_bienvenida@pasos         cstackBANK0  000079
main@tecla                             cstackBANK0  000082
mostrar_conteo@faltan                  cstackCOMRAM 000021
stackhi                                (abs)        000000
stacklo                                (abs)        000000
start                                  init         00000E
start_initialization                   cinit        0018BA
ttemp5                                 temp         00004B
ttemp6                                 temp         00004E
ttemp7                                 temp         000052
unidad@i                               cstackCOMRAM 00001B
wtemp8                                 temp         00004B


MODULE INFORMATION

Module		Function		Class		Link	Load	Size
C:\Program Files\Microchip\xc8\v2.50\pic\sources\c90\common\lbdiv.c
		___lbdiv       		CODE           	184C	0000	56

C:\Program Files\Microchip\xc8\v2.50\pic\sources\c90\common\lbdiv.c estimated size: 56

C:\Program Files\Microchip\xc8\v2.50\pic\sources\c90\common\float.c
		___ftpack      		CODE           	106C	0000	174

C:\Program Files\Microchip\xc8\v2.50\pic\sources\c90\common\float.c estimated size: 174

C:\Program Files\Microchip\xc8\v2.50\pic\sources\c90\common\lwmod.c
		___lwmod       		CODE           	1708	0000	66

C:\Program Files\Microchip\xc8\v2.50\pic\sources\c90\common\lwmod.c estimated size: 66

C:\Program Files\Microchip\xc8\v2.50\pic\sources\c90\common\awmod.c
		___awmod       		CODE           	141C	0000	110

C:\Program Files\Microchip\xc8\v2.50\pic\sources\c90\common\awmod.c estimated size: 110

Laboratorio_6.c
		_beep_corto    		CODE           	1A66	0000	22
		_mostrar_valor 		CODE           	1A18	0000	28
		_ISR           		CODE           	0008	0000	1064
		_mostrar_conteo		CODE           	0974	0000	250
		_main          		CODE           	0434	0000	824
		_color         		CODE           	14F8	0000	98
		_inicializar_hardware		CODE           	111A	0000	152
		_beep_largo    		CODE           	1A50	0000	22
		_mostrar_completado		CODE           	1338	0000	114
		_Transmitir    		CODE           	1AC0	0000	12
		_Transmitir_Cadena		CODE           	193A	0000	42
		_lcd_animacion_bienvenida		CODE           	076C	0000	520
		_emergencia    		CODE           	174A	0000	66
		_mensaje_reset 		CODE           	15BC	0000	86
		_ConversionADC 		CODE           	19F8	0000	32
		_unidad        		CODE           	1A7C	0000	18
		_MedirDistancia		CODE           	1234	0000	130
		_Transmitir_Numero		CODE           	1810	0000	60

Laboratorio_6.c estimated size: 3540

C:\Program Files\Microchip\xc8\v2.50\pic\sources\c90\common\ftdiv.c
		___ftdiv       		CODE           	0B68	0000	230

C:\Program Files\Microchip\xc8\v2.50\pic\sources\c90\common\ftdiv.c estimated size: 230

C:\Program Files\Microchip\xc8\v2.50\pic\sources\c90\common\lwdiv.c
		___lwdiv       		CODE           	1612	0000	82

C:\Program Files\Microchip\xc8\v2.50\pic\sources\c90\common\lwdiv.c estimated size: 82

shared
		_rpg           		MEDIUMCONST    	7E7D	0000	8
		i2_mostrar_conteo		CODE           	0A6E	0000	250
		_mapa_teclas   		MEDIUMCONST    	7E64	0000	17
		i2___lwdiv     		CODE           	16B6	0000	82
		_runner1       		MEDIUMCONST    	7E8D	0000	8
		i2_mostrar_completado		CODE           	13AA	0000	114
		i2___awdiv     		CODE           	12B6	0000	130
		i2_unidad      		CODE           	1A8E	0000	18
		i2_Lcd_Cmd     		CODE           	0F9A	0000	210
		i2___lwmod     		CODE           	178C	0000	66
		i2_Lcd_Char    		CODE           	0EC8	0000	210
		i2_Lcd_Clear   		CODE           	1AB0	0000	16
		__initialization		CODE           	18BA	0000	30
		i2_Lcd_String  		CODE           	1910	0000	42
		i2___awmod     		CODE           	148A	0000	110
		_runner0       		MEDIUMCONST    	7E95	0000	8
		i2_mostrar_valor		CODE           	1A34	0000	28
		i2_Lcd_Set_Cursor		CODE           	19D4	0000	36
		lcd_animacion_bienvenida@F3174		MEDIUMCONST    	7E4D	0000	23
		i2_color       		CODE           	155A	0000	98
		_explosion     		MEDIUMCONST    	7E75	0000	8
		i2_emergencia  		CODE           	17CE	0000	66
		_runner2       		MEDIUMCONST    	7E85	0000	8

shared estimated size: 1586

C:\Program Files\Microchip\xc8\v2.50\pic\sources\c90\common\lbmod.c
		___lbmod       		CODE           	1964	0000	40

C:\Program Files\Microchip\xc8\v2.50\pic\sources\c90\common\lbmod.c estimated size: 40

C:\Program Files\Microchip\xc8\v2.50\pic\sources\c90\common\fttol.c
		___fttol       		CODE           	0C4E	0000	214

C:\Program Files\Microchip\xc8\v2.50\pic\sources\c90\common\fttol.c estimated size: 214

lcd.c
		_Lcd_String    		CODE           	18E6	0000	42
		_Lcd_Init      		CODE           	1664	0000	82
		_Lcd_Cmd       		CODE           	0DF6	0000	210
		_Lcd_Char      		CODE           	0D24	0000	210
		_Lcd_Set_Cursor		CODE           	198C	0000	36
		_Lcd_Clear     		CODE           	1AA0	0000	16
		_LCD_CrearCaracter		CODE           	1884	0000	54

lcd.c estimated size: 650

C:\Program Files\Microchip\xc8\v2.50\pic\sources\c90\common\awdiv.c
		___awdiv       		CODE           	11B2	0000	130

C:\Program Files\Microchip\xc8\v2.50\pic\sources\c90\common\awdiv.c estimated size: 130

C:\Program Files\Microchip\xc8\v2.50\pic\sources\c90\common\lwtoft.c
		___lwtoft      		CODE           	19B0	0000	36

C:\Program Files\Microchip\xc8\v2.50\pic\sources\c90\common\lwtoft.c estimated size: 36

