Microchip MPLAB XC8 Compiler V2.50

Linker command line:

-W-3 \
  --edf=C:\Program Files\Microchip\xc8\v2.50\pic\dat\20240725155939_en.msgs \
  -cn -h+dist/default/production\Laboratorio_6.X.production.sym \
  --cmf=dist/default/production\Laboratorio_6.X.production.cmf -z -Q18F4550 \
  -oC:\Users\USER\AppData\Local\Temp\xcAsm7k.\driver_tmp_3.obj \
  -Mdist/default/production/Laboratorio_6.X.production.map \
  --md=C:\Users\USER\AppData\Local\Temp\xcAsm7k.\driver_tmp_0.dat -E1 \
  -ver=XC8 Compiler -ACODE=00h-07FFFh -ACONST=00h-07FFFh \
  -ASMALLCONST=0800h-08FFhx120 -AMEDIUMCONST=0800h-07FFFh -ACOMRAM=01h-05Fh \
  -AABS1=00h-07FFh -ABIGRAM=01h-07FFh -ARAM=060h-0FFh,0100h-01FFhx7 \
  -ABANK0=060h-0FFh -ABANK1=0100h-01FFh -ABANK2=0200h-02FFh \
  -ABANK3=0300h-03FFh -ABANK4=0400h-04FFh -ABANK5=0500h-05FFh \
  -ABANK6=0600h-06FFh -ABANK7=0700h-07FFh -ASFR=0F60h-0FFFh \
  -ABIGSFR=0F60h-0FFFh -ACONFIG=0300000h-030000Dh -AIDLOC=0200000h-0200007h \
  -AEEDATA=0F00000h-0F000FFh -peeprom_data=EEDATA \
  -preset_vec=00h,intcode=8h,intcodelo,powerup,init -pramtop=0800h \
  -psmallconst=SMALLCONST -pmediumconst=MEDIUMCONST -pconst=CONST \
  -AFARRAM=00h-00h \
  -prdata=COMRAM,nvrram=COMRAM,nvbit=COMRAM,rbss=COMRAM,rbit=COMRAM \
  -pfarbss=FARRAM,fardata=FARRAM,nvFARRAM=FARRAM \
  -pintsave_regs=BIGRAM,bigbss=BIGRAM,bigdata=BIGRAM -pbss=RAM \
  -pidata=CODE,irdata=CODE,ibigdata=CODE,ifardata=CODE -prparam=COMRAM \
  C:\Users\USER\AppData\Local\Temp\xcAsm7k.\driver_tmp_9.obj \
  dist/default/production\Laboratorio_6.X.production.obj 

Object code version is 3.11

Machine type is 18F4550



                Name                               Link     Load   Length Selector   Space Scale
C:\Users\USER\AppData\Local\Temp\xcAsm7k.\driver_tmp_9.obj
                idloc                            200000   200000        8        0       5
                config                           300000   300000        E        0       4
                init                                  E        E        4        4       0
                reset_vec                             0        0        4        0       0
dist/default/production\Laboratorio_6.X.production.obj
                intcode                               8        8        6        4       0
                idloc                            200000   200000        8        0       5
                config                           300000   300000        E        0       4
                temp                                 4A       4A        1        1       1
                mediumconst                        7E2A     7E2A      1D6     3F15       0
                text57                             1CBA     1CBA       20        4       0
                text56                             1D9C     1D9C        C        4       0
                text55                             1BAE     1BAE       2A        4       0
                text54                             1A8C     1A8C       38        4       0
                text53                             1C00     1C00       28        4       0
                text52                             1A18     1A18       3C        4       0
                text51                             1152     1152       D2        4       0
                text50                             1D72     1D72       10        4       0
                text49                             1C96     1C96       24        4       0
                text48                             1080     1080       D2        4       0
                text47                             1B84     1B84       2A        4       0
                text46                             199A     199A       42        4       0
                text45                             1882     1882       52        4       0
                text44                             1958     1958       42        4       0
                text43                             177C     177C       62        4       0
                text42                             1D50     1D50       12        4       0
                text41                             1562     1562       72        4       0
                text40                             146E     146E       82        4       0
                text39                             1642     1642       6E        4       0
                text38                              C26      C26       FA        4       0
                text37                             1CF6     1CF6       1C        4       0
                intcode_body                         12       12      430        4       0
                text35                             1C28     1C28       26        4       0
                text34                              FAE      FAE       D2        4       0
                text33                             1D62     1D62       10        4       0
                text32                             1830     1830       52        4       0
                text31                             1224     1224       AE        4       0
                text30                              D20      D20       E6        4       0
                text29                              E06      E06       D6        4       0
                text28                             1C72     1C72       24        4       0
                text27                             13EC     13EC       82        4       0
                text26                             1D82     1D82        E        4       0
                text25                             1D90     1D90        C        4       0
                text24                             1B5A     1B5A       2A        4       0
                text23                             1A54     1A54       38        4       0
                text22                             1BD8     1BD8       28        4       0
                text21                             19DC     19DC       3C        4       0
                text20                             1C4E     1C4E       24        4       0
                text19                              EDC      EDC       D2        4       0
                text18                             1B30     1B30       2A        4       0
                text17                             17DE     17DE       52        4       0
                text16                             1916     1916       42        4       0
                text15                             171A     171A       62        4       0
                text14                             1D3E     1D3E       12        4       0
                text13                             14F0     14F0       72        4       0
                text12                             136A     136A       82        4       0
                text11                             15D4     15D4       6E        4       0
                text10                              B2C      B2C       FA        4       0
                text9                              1CDA     1CDA       1C        4       0
                text8                               9FC      9FC      130        4       0
                text7                              1D28     1D28       16        4       0
                text6                              1D12     1D12       16        4       0
                text5                              18D4     18D4       42        4       0
                text4                              12D2     12D2       98        4       0
                text3                              1AFA     1AFA       36        4       0
                text2                               7F4      7F4      208        4       0
                text1                              16B0     16B0       6A        4       0
                text0                               442      442      3B2        4       0
                cstackCOMRAM                          1        1       30        1       1
                cstackBANK0                          60       60       25       60       1
                bssBANK0                             85       85        4       60       1
                dataCOMRAM                           49       49        1        1       1
                bssCOMRAM                            31       31       18        1       1
                cinit                              1AC4     1AC4       36        4       0
                idataCOMRAM                        1DA8     1DA8        1        4       0

TOTAL           Name                               Link     Load   Length     Space
        CLASS   CODE           
                intcode                               8        8        6         0
                init                                  E        E        4         0
                reset_vec                             0        0        4         0
                text57                             1CBA     1CBA       20         0
                text56                             1D9C     1D9C        C         0
                text55                             1BAE     1BAE       2A         0
                text54                             1A8C     1A8C       38         0
                text53                             1C00     1C00       28         0
                text52                             1A18     1A18       3C         0
                text51                             1152     1152       D2         0
                text50                             1D72     1D72       10         0
                text49                             1C96     1C96       24         0
                text48                             1080     1080       D2         0
                text47                             1B84     1B84       2A         0
                text46                             199A     199A       42         0
                text45                             1882     1882       52         0
                text44                             1958     1958       42         0
                text43                             177C     177C       62         0
                text42                             1D50     1D50       12         0
                text41                             1562     1562       72         0
                text40                             146E     146E       82         0
                text39                             1642     1642       6E         0
                text38                              C26      C26       FA         0
                text37                             1CF6     1CF6       1C         0
                intcode_body                         12       12      430         0
                text35                             1C28     1C28       26         0
                text34                              FAE      FAE       D2         0
                text33                             1D62     1D62       10         0
                text32                             1830     1830       52         0
                text31                             1224     1224       AE         0
                text30                              D20      D20       E6         0
                text29                              E06      E06       D6         0
                text28                             1C72     1C72       24         0
                text27                             13EC     13EC       82         0
                text26                             1D82     1D82        E         0
                text25                             1D90     1D90        C         0
                text24                             1B5A     1B5A       2A         0
                text23                             1A54     1A54       38         0
                text22                             1BD8     1BD8       28         0
                text21                             19DC     19DC       3C         0
                text20                             1C4E     1C4E       24         0
                text19                              EDC      EDC       D2         0
                text18                             1B30     1B30       2A         0
                text17                             17DE     17DE       52         0
                text16                             1916     1916       42         0
                text15                             171A     171A       62         0
                text14                             1D3E     1D3E       12         0
                text13                             14F0     14F0       72         0
                text12                             136A     136A       82         0
                text11                             15D4     15D4       6E         0
                text10                              B2C      B2C       FA         0
                text9                              1CDA     1CDA       1C         0
                text8                               9FC      9FC      130         0
                text7                              1D28     1D28       16         0
                text6                              1D12     1D12       16         0
                text5                              18D4     18D4       42         0
                text4                              12D2     12D2       98         0
                text3                              1AFA     1AFA       36         0
                text2                               7F4      7F4      208         0
                text1                              16B0     16B0       6A         0
                text0                               442      442      3B2         0
                cinit                              1AC4     1AC4       36         0
                idataCOMRAM                        1DA8     1DA8        1         0

        CLASS   CONST          

        CLASS   SMALLCONST     

        CLASS   MEDIUMCONST    
                mediumconst                        7E2A     7E2A      1D6         0

        CLASS   COMRAM         
                temp                                 4A       4A        1         1
                cstackCOMRAM                          1        1       30         1
                dataCOMRAM                           49       49        1         1
                bssCOMRAM                            31       31       18         1

        CLASS   ABS1           

        CLASS   BIGRAM         

        CLASS   RAM            

        CLASS   BANK0          
                cstackBANK0                          60       60       25         1
                bssBANK0                             85       85        4         1

        CLASS   BANK1          

        CLASS   BANK2          

        CLASS   BANK3          

        CLASS   BANK4          

        CLASS   BANK5          

        CLASS   BANK6          

        CLASS   BANK7          

        CLASS   SFR            

        CLASS   BIGSFR         

        CLASS   CONFIG         
                config                           300000   300000        E         4

        CLASS   IDLOC          
                idloc                            200000   200000        8         5

        CLASS   EEDATA         

        CLASS   FARRAM         

        CLASS   HEAP           

        CLASS   STACK          



SEGMENTS        Name                           Load    Length   Top    Selector   Space  Class

                reset_vec                      000000  000004  000004         0       0  CODE    
                cstackCOMRAM                   000001  00004A  00004B         1       1  COMRAM  
                intcode                        000008  001DA1  001DA9         4       0  CODE    
                cstackBANK0                    000060  000029  000089        60       1  BANK0   
                mediumconst                    007E2A  0001D6  008000      3F15       0  MEDIUMCO


UNUSED ADDRESS RANGES

        Name                Unused          Largest block    Delta
        BANK0            000089-0000FF               77
        BANK1            000100-0001FF              100
        BANK2            000200-0002FF              100
        BANK3            000300-0003FF              100
        BANK4            000400-0004FF              100
        BANK5            000500-0005FF              100
        BANK6            000600-0006FF              100
        BANK7            000700-0007FF              100
        BIGRAM           00004B-00005F               15
                         000089-0007FF              777
        BIGSFR           000F60-000FFF               A0
        CODE             000004-000007                4
                         001DA9-007E29             6081
        COMRAM           00004B-00005F               15
        CONST            000004-000007                4
                         001DA9-007E29             6081
        EEDATA           F00000-F000FF              100
        MEDIUMCONST      001DA9-007E29             6081
        RAM              000089-0007FF              100
        SFR              000F60-000FFF               A0
        SMALLCONST       001DA9-007E29              100

                                  Symbol Table

?___awdiv                              cstackCOMRAM 000016
?___awmod                              cstackCOMRAM 000016
?___ftdiv                              cstackCOMRAM 000021
?___ftpack                             cstackCOMRAM 000016
?___fttol                              cstackBANK0  000060
?___lwdiv                              cstackCOMRAM 000016
?___lwmod                              cstackCOMRAM 000016
?___lwtoft                             cstackCOMRAM 00001E
?i2___awdiv                            cstackCOMRAM 000001
?i2___awmod                            cstackCOMRAM 000001
?i2___lwdiv                            cstackCOMRAM 000001
?i2___lwmod                            cstackCOMRAM 000001
ConversionADC@canal                    cstackCOMRAM 000001
EEPROM_Guardar@data                    cstackCOMRAM 000018
EEPROM_Guardar@dir                     cstackCOMRAM 000016
EEPROM_Lectura@dir                     cstackCOMRAM 000016
LCD_CrearCaracter@i                    cstackCOMRAM 00001E
LCD_CrearCaracter@pattern              cstackCOMRAM 000019
LCD_CrearCaracter@pos                  cstackCOMRAM 00001D
Lcd_Char@data                          cstackCOMRAM 000018
Lcd_Cmd@cmd                            cstackCOMRAM 000018
Lcd_Set_Cursor@column                  cstackCOMRAM 000019
Lcd_Set_Cursor@pos                     cstackCOMRAM 00001B
Lcd_Set_Cursor@row                     cstackCOMRAM 00001A
Lcd_String@str                         cstackCOMRAM 000019
MedirDistancia@aux                     cstackCOMRAM 000030
RestaurarOC@t                          cstackCOMRAM 000024
RestaurarOC@tecla_restore              cstackCOMRAM 000025
Transmitir@BufferT                     cstackCOMRAM 000016
Transmitir_Cadena@cadena               cstackCOMRAM 000017
Transmitir_Numero@valor                cstackCOMRAM 00001E
_ADCON0                                (abs)        000FC2
_ADCON1                                (abs)        000FC1
_ADCON2                                (abs)        000FC0
_ADRESH                                (abs)        000FC4
_BAUDCON                               (abs)        000FB8
_BufferR                               bssCOMRAM    000044
_CCP1CON                               (abs)        000FBD
_CCP2CON                               (abs)        000FBA
_CCP2IF                                (abs)        007D08
_CCPR1L                                (abs)        000FBE
_CCPR2                                 (abs)        000FBB
_CFGS                                  (abs)        007D36
_CREN                                  (abs)        007D5C
_ConversionADC                         text57       001CBA
_EEADR                                 (abs)        000FA9
_EECON2                                (abs)        000FA7
_EEDATA                                (abs)        000FA8
_EEIF                                  (abs)        007D0C
_EEPGD                                 (abs)        007D37
_EEPROM_Guardar                        text35       001C28
_EEPROM_Lectura                        text26       001D82
_EMOTOR                                bssCOMRAM    000035
_GIE                                   (abs)        007F97
_GO                                    (abs)        007E11
_INT2IE                                (abs)        007F84
_INT2IF                                (abs)        007F81
_ISR                                   intcode      000008
_LATA                                  (abs)        000F89
_LATA1                                 (abs)        007C49
_LATA2                                 (abs)        007C4A
_LATA3                                 (abs)        007C4B
_LATA4                                 (abs)        007C4C
_LATA5                                 (abs)        007C4D
_LATB                                  (abs)        000F8A
_LATC0                                 (abs)        007C58
_LATC2                                 (abs)        007C5A
_LATD                                  (abs)        000F8C
_LATD4                                 (abs)        007C64
_LATD5                                 (abs)        007C65
_LATD6                                 (abs)        007C66
_LATD7                                 (abs)        007C67
_LATE                                  (abs)        000F8D
_LCD_CrearCaracter                     text3        001AFA
_Lcd_Char                              text19       000EDC
_Lcd_Clear                             text33       001D62
_Lcd_Cmd                               text34       000FAE
_Lcd_Init                              text32       001830
_Lcd_Set_Cursor                        text20       001C4E
_Lcd_Set_Cursor$201                    cstackCOMRAM 00001C
_Lcd_String                            text18       001B30
_MedirDistancia                        text27       0013EC
_OERR                                  (abs)        007D59
_PEIE                                  (abs)        007F96
_POR                                   (abs)        007E81
_POR2                                  bssBANK0     000085
_PORTB                                 (abs)        000F81
_PR2                                   (abs)        000FCB
_RB4                                   (abs)        007C0C
_RB5                                   (abs)        007C0D
_RB6                                   (abs)        007C0E
_RB7                                   (abs)        007C0F
_RBIE                                  (abs)        007F93
_RBIF                                  (abs)        007F90
_RBPU                                  (abs)        007F8F
_RC1                                   (abs)        007C11
_RCIE                                  (abs)        007CED
_RCIF                                  (abs)        007CF5
_RCREG                                 (abs)        000FAE
_RCSTA                                 (abs)        000FAB
_RD                                    (abs)        007D30
_RestaurarOC                           text8        0009FC
_SPBRG                                 (abs)        000FAF
_T0CON                                 (abs)        000FD5
_T1CON                                 (abs)        000FCD
_T2CON                                 (abs)        000FCA
_TMR0                                  (abs)        000FD6
_TMR0IE                                (abs)        007F95
_TMR0IF                                (abs)        007F92
_TMR0ON                                (abs)        007EAF
_TMR1                                  (abs)        000FCE
_TMR1IF                                (abs)        007CF0
_TMR1ON                                (abs)        007E68
_TMR2                                  (abs)        000FCC
_TMR2ON                                (abs)        007E52
_TRISA                                 (abs)        000F92
_TRISA5                                (abs)        007C95
_TRISB                                 (abs)        000F93
_TRISC0                                (abs)        007CA0
_TRISC1                                (abs)        007CA1
_TRISC2                                (abs)        007CA2
_TRISD                                 (abs)        000F95
_TRISE                                 (abs)        000F96
_TXIE                                  (abs)        007CEC
_TXIF                                  (abs)        007CF4
_TXREG                                 (abs)        000FAD
_TXSTA                                 (abs)        000FAC
_Tecla                                 bssCOMRAM    000046
_Transmitir                            text25       001D90
_Transmitir_Cadena                     text24       001B5A
_Transmitir_Numero                     text21       0019DC
_VADC                                  bssCOMRAM    000037
_WR                                    (abs)        007D31
_WREN                                  (abs)        007D32
__HRAM                                 (abs)        000000
__H__absolute__                        __absolute__ 000000
__Habs1                                abs1         000000
__Hbank0                               bank0        000000
__Hbank1                               bank1        000000
__Hbank2                               bank2        000000
__Hbank3                               bank3        000000
__Hbank4                               bank4        000000
__Hbank5                               bank5        000000
__Hbank6                               bank6        000000
__Hbank7                               bank7        000000
__Hbigbss                              bigbss       000000
__Hbigdata                             bigdata      000000
__Hbigram                              bigram       000000
__Hbigsfr                              bigsfr       000000
__Hbss                                 bss          000000
__HbssBANK0                            bssBANK0     000000
__HbssCOMRAM                           bssCOMRAM    000000
__Hcinit                               cinit        000000
__Hclrtext                             clrtext      000000
__Hcomram                              comram       000000
__Hconfig                              config       30000E
__Hconst                               const        000000
__HcstackBANK0                         cstackBANK0  000000
__HcstackCOMRAM                        cstackCOMRAM 000000
__Hdata                                data         000000
__HdataCOMRAM                          dataCOMRAM   000000
__Heeprom_data                         eeprom_data  000000
__Hfarbss                              farbss       000000
__Hfardata                             fardata      000000
__Hheap                                heap         000000
__Hibigdata                            ibigdata     000000
__Hidata                               idata        000000
__HidataCOMRAM                         idataCOMRAM  000000
__Hidloc                               idloc        200008
__Hifardata                            ifardata     000000
__Hinit                                init         000012
__Hintcode                             intcode      00000E
__Hintcode_body                        intcode_body 000000
__Hintcodelo                           intcodelo    00000E
__Hintentry                            intentry     000000
__Hintret                              intret       000000
__Hintsave_regs                        intsave_regs 000000
__Hirdata                              irdata       000000
__Hmediumconst                         mediumconst  008000
__HnvFARRAM                            nvFARRAM     000000
__Hnvbit                               nvbit        000000
__Hnvrram                              nvrram       000000
__Hparam                               rparam       000000
__Hpowerup                             powerup      00000E
__Hram                                 ram          000000
__Hramtop                              ramtop       000800
__Hrbit                                rbit         000000
__Hrbss                                rbss         000000
__Hrdata                               rdata        000000
__Hreset_vec                           reset_vec    000004
__Hrparam                              rparam       000000
__Hsfr                                 sfr          000000
__Hsivt_hi                             sivt_hi      000000
__Hsivt_lo                             sivt_lo      000000
__Hsmallconst                          smallconst   000000
__Hspace_0                             (abs)        008000
__Hspace_1                             (abs)        000089
__Hspace_2                             (abs)        000000
__Hspace_4                             (abs)        60000E
__Hstack                               stack        000000
__Hstruct                              struct       000000
__Htemp                                temp         00004B
__Htext                                text         000000
__Htext0                               text0        000000
__Htext1                               text1        000000
__Htext10                              text10       000000
__Htext11                              text11       000000
__Htext12                              text12       000000
__Htext13                              text13       000000
__Htext14                              text14       000000
__Htext15                              text15       000000
__Htext16                              text16       000000
__Htext17                              text17       000000
__Htext18                              text18       000000
__Htext19                              text19       000000
__Htext2                               text2        000000
__Htext20                              text20       000000
__Htext21                              text21       000000
__Htext22                              text22       000000
__Htext23                              text23       000000
__Htext24                              text24       000000
__Htext25                              text25       000000
__Htext26                              text26       000000
__Htext27                              text27       000000
__Htext28                              text28       000000
__Htext29                              text29       000000
__Htext3                               text3        000000
__Htext30                              text30       000000
__Htext31                              text31       000000
__Htext32                              text32       000000
__Htext33                              text33       000000
__Htext34                              text34       000000
__Htext35                              text35       000000
__Htext37                              text37       000000
__Htext38                              text38       000000
__Htext39                              text39       000000
__Htext4                               text4        000000
__Htext40                              text40       000000
__Htext41                              text41       000000
__Htext42                              text42       000000
__Htext43                              text43       000000
__Htext44                              text44       000000
__Htext45                              text45       000000
__Htext46                              text46       000000
__Htext47                              text47       000000
__Htext48                              text48       000000
__Htext49                              text49       000000
__Htext5                               text5        000000
__Htext50                              text50       000000
__Htext51                              text51       000000
__Htext52                              text52       000000
__Htext53                              text53       000000
__Htext54                              text54       000000
__Htext55                              text55       000000
__Htext56                              text56       000000
__Htext57                              text57       000000
__Htext6                               text6        000000
__Htext7                               text7        000000
__Htext8                               text8        000000
__Htext9                               text9        000000
__LRAM                                 (abs)        000001
__L__absolute__                        __absolute__ 000000
__Labs1                                abs1         000000
__Lbank0                               bank0        000000
__Lbank1                               bank1        000000
__Lbank2                               bank2        000000
__Lbank3                               bank3        000000
__Lbank4                               bank4        000000
__Lbank5                               bank5        000000
__Lbank6                               bank6        000000
__Lbank7                               bank7        000000
__Lbigbss                              bigbss       000000
__Lbigdata                             bigdata      000000
__Lbigram                              bigram       000000
__Lbigsfr                              bigsfr       000000
__Lbss                                 bss          000000
__LbssBANK0                            bssBANK0     000000
__LbssCOMRAM                           bssCOMRAM    000000
__Lcinit                               cinit        000000
__Lclrtext                             clrtext      000000
__Lcomram                              comram       000000
__Lconfig                              config       000000
__Lconst                               const        000000
__LcstackBANK0                         cstackBANK0  000000
__LcstackCOMRAM                        cstackCOMRAM 000000
__Ldata                                data         000000
__LdataCOMRAM                          dataCOMRAM   000000
__Leeprom_data                         eeprom_data  000000
__Lfarbss                              farbss       000000
__Lfardata                             fardata      000000
__Lheap                                heap         000000
__Libigdata                            ibigdata     000000
__Lidata                               idata        000000
__LidataCOMRAM                         idataCOMRAM  000000
__Lidloc                               idloc        000000
__Lifardata                            ifardata     000000
__Linit                                init         00000E
__Lintcode                             intcode      000008
__Lintcode_body                        intcode_body 000000
__Lintcodelo                           intcodelo    00000E
__Lintentry                            intentry     000000
__Lintret                              intret       000000
__Lintsave_regs                        intsave_regs 000000
__Lirdata                              irdata       000000
__Lmediumconst                         mediumconst  007E2A
__LnvFARRAM                            nvFARRAM     000000
__Lnvbit                               nvbit        000000
__Lnvrram                              nvrram       000000
__Lparam                               rparam       000000
__Lpowerup                             powerup      00000E
__Lram                                 ram          000000
__Lramtop                              ramtop       000800
__Lrbit                                rbit         000000
__Lrbss                                rbss         000000
__Lrdata                               rdata        000000
__Lreset_vec                           reset_vec    000000
__Lrparam                              rparam       000000
__Lsfr                                 sfr          000000
__Lsivt_hi                             sivt_hi      000000
__Lsivt_lo                             sivt_lo      000000
__Lsmallconst                          smallconst   000000
__Lspace_0                             (abs)        000000
__Lspace_1                             (abs)        000000
__Lspace_2                             (abs)        000000
__Lspace_4                             (abs)        000000
__Lstack                               stack        000000
__Lstruct                              struct       000000
__Ltemp                                temp         00004A
__Ltext                                text         000000
__Ltext0                               text0        000000
__Ltext1                               text1        000000
__Ltext10                              text10       000000
__Ltext11                              text11       000000
__Ltext12                              text12       000000
__Ltext13                              text13       000000
__Ltext14                              text14       000000
__Ltext15                              text15       000000
__Ltext16                              text16       000000
__Ltext17                              text17       000000
__Ltext18                              text18       000000
__Ltext19                              text19       000000
__Ltext2                               text2        000000
__Ltext20                              text20       000000
__Ltext21                              text21       000000
__Ltext22                              text22       000000
__Ltext23                              text23       000000
__Ltext24                              text24       000000
__Ltext25                              text25       000000
__Ltext26                              text26       000000
__Ltext27                              text27       000000
__Ltext28                              text28       000000
__Ltext29                              text29       000000
__Ltext3                               text3        000000
__Ltext30                              text30       000000
__Ltext31                              text31       000000
__Ltext32                              text32       000000
__Ltext33                              text33       000000
__Ltext34                              text34       000000
__Ltext35                              text35       000000
__Ltext37                              text37       000000
__Ltext38                              text38       000000
__Ltext39                              text39       000000
__Ltext4                               text4        000000
__Ltext40                              text40       000000
__Ltext41                              text41       000000
__Ltext42                              text42       000000
__Ltext43                              text43       000000
__Ltext44                              text44       000000
__Ltext45                              text45       000000
__Ltext46                              text46       000000
__Ltext47                              text47       000000
__Ltext48                              text48       000000
__Ltext49                              text49       000000
__Ltext5                               text5        000000
__Ltext50                              text50       000000
__Ltext51                              text51       000000
__Ltext52                              text52       000000
__Ltext53                              text53       000000
__Ltext54                              text54       000000
__Ltext55                              text55       000000
__Ltext56                              text56       000000
__Ltext57                              text57       000000
__Ltext6                               text6        000000
__Ltext7                               text7        000000
__Ltext8                               text8        000000
__Ltext9                               text9        000000
__S0                                   (abs)        008000
__S1                                   (abs)        000089
__S4                                   (abs)        000000
__S5                                   (abs)        000000
___awdiv                               text12       00136A
___awdiv@counter                       cstackCOMRAM 00001A
___awdiv@dividend                      cstackCOMRAM 000016
___awdiv@divisor                       cstackCOMRAM 000018
___awdiv@quotient                      cstackCOMRAM 00001C
___awdiv@sign                          cstackCOMRAM 00001B
___awmod                               text11       0015D4
___awmod@counter                       cstackCOMRAM 00001A
___awmod@dividend                      cstackCOMRAM 000016
___awmod@divisor                       cstackCOMRAM 000018
___awmod@sign                          cstackCOMRAM 00001B
___ftdiv                               text30       000D20
___ftdiv@cntr                          cstackCOMRAM 00002A
___ftdiv@exp                           cstackCOMRAM 00002E
___ftdiv@f1                            cstackCOMRAM 000021
___ftdiv@f2                            cstackCOMRAM 000024
___ftdiv@f3                            cstackCOMRAM 00002B
___ftdiv@sign                          cstackCOMRAM 00002F
___ftpack                              text31       001224
___ftpack@arg                          cstackCOMRAM 000016
___ftpack@exp                          cstackCOMRAM 000019
___ftpack@sign                         cstackCOMRAM 00001A
___fttol                               text29       000E06
___fttol@exp1                          cstackBANK0  00006E
___fttol@f1                            cstackBANK0  000060
___fttol@lval                          cstackBANK0  00006A
___fttol@sign1                         cstackBANK0  000069
___heap_hi                             (abs)        000000
___heap_lo                             (abs)        000000
___inthi_sp                            stack        000000
___inthi_stack_hi                      stack        000000
___inthi_stack_lo                      stack        000000
___intlo_sp                            stack        000000
___intlo_stack_hi                      stack        000000
___intlo_stack_lo                      stack        000000
___lbdiv                               text23       001A54
___lbdiv@counter                       cstackCOMRAM 000018
___lbdiv@dividend                      cstackCOMRAM 000017
___lbdiv@divisor                       cstackCOMRAM 000016
___lbdiv@quotient                      cstackCOMRAM 000019
___lbmod                               text22       001BD8
___lbmod@counter                       cstackCOMRAM 00001C
___lbmod@dividend                      cstackCOMRAM 00001B
___lbmod@divisor                       cstackCOMRAM 00001A
___lbmod@rem                           cstackCOMRAM 00001D
___lwdiv                               text17       0017DE
___lwdiv@counter                       cstackCOMRAM 00001A
___lwdiv@dividend                      cstackCOMRAM 000016
___lwdiv@divisor                       cstackCOMRAM 000018
___lwdiv@quotient                      cstackCOMRAM 00001B
___lwmod                               text16       001916
___lwmod@counter                       cstackCOMRAM 00001A
___lwmod@dividend                      cstackCOMRAM 000016
___lwmod@divisor                       cstackCOMRAM 000018
___lwtoft                              text28       001C72
___lwtoft@c                            cstackCOMRAM 00001E
___param_bank                          (abs)        000000
___rparam_used                         (abs)        000001
___sp                                  stack        000000
___stack_hi                            stack        000000
___stack_lo                            stack        000000
__accesstop                            (abs)        000060
__activetblptr                         (abs)        000002
__end_of_ConversionADC                 text57       001CDA
__end_of_EEPROM_Guardar                text35       001C4E
__end_of_EEPROM_Lectura                text26       001D90
__end_of_ISR                           intcode_body 000442
__end_of_LCD_CrearCaracter             text3        001B30
__end_of_Lcd_Char                      text19       000FAE
__end_of_Lcd_Clear                     text33       001D72
__end_of_Lcd_Cmd                       text34       001080
__end_of_Lcd_Init                      text32       001882
__end_of_Lcd_Set_Cursor                text20       001C72
__end_of_Lcd_String                    text18       001B5A
__end_of_MedirDistancia                text27       00146E
__end_of_RestaurarOC                   text8        000B2C
__end_of_Transmitir                    text25       001D9C
__end_of_Transmitir_Cadena             text24       001B84
__end_of_Transmitir_Numero             text21       001A18
__end_of___awdiv                       text12       0013EC
__end_of___awmod                       text11       001642
__end_of___ftdiv                       text30       000E06
__end_of___ftpack                      text31       0012D2
__end_of___fttol                       text29       000EDC
__end_of___lbdiv                       text23       001A8C
__end_of___lbmod                       text22       001C00
__end_of___lwdiv                       text17       001830
__end_of___lwmod                       text16       001958
__end_of___lwtoft                      text28       001C96
__end_of__initialization               cinit        001AEC
__end_of_beep_corto                    text7        001D3E
__end_of_beep_largo                    text6        001D28
__end_of_color                         text15       00177C
__end_of_emergencia                    text5        001916
__end_of_explosion                     mediumconst  007E5B
__end_of_inicializar_hardware          text4        00136A
__end_of_lcd_animacion_bienvenida      text2        0009FC
__end_of_main                          text0        0007F4
__end_of_mapa_teclas                   mediumconst  007E53
__end_of_mensaje_reset                 text1        00171A
__end_of_mostrar_completado            text13       001562
__end_of_mostrar_conteo                text10       000C26
__end_of_mostrar_valor                 text9        001CF6
__end_of_rpg                           mediumconst  007E63
__end_of_runner0                       mediumconst  007E7B
__end_of_runner1                       mediumconst  007E73
__end_of_runner2                       mediumconst  007E6B
__end_of_unidad                        text14       001D50
__end_ofi2_Lcd_Char                    text48       001152
__end_ofi2_Lcd_Clear                   text50       001D82
__end_ofi2_Lcd_Cmd                     text51       001224
__end_ofi2_Lcd_Set_Cursor              text49       001CBA
__end_ofi2_Lcd_String                  text47       001BAE
__end_ofi2_Transmitir                  text56       001DA8
__end_ofi2_Transmitir_Cadena           text55       001BD8
__end_ofi2_Transmitir_Numero           text52       001A54
__end_ofi2___awdiv                     text40       0014F0
__end_ofi2___awmod                     text39       0016B0
__end_ofi2___lbdiv                     text54       001AC4
__end_ofi2___lbmod                     text53       001C28
__end_ofi2___lwdiv                     text45       0018D4
__end_ofi2___lwmod                     text44       00199A
__end_ofi2_color                       text43       0017DE
__end_ofi2_emergencia                  text46       0019DC
__end_ofi2_mostrar_completado          text41       0015D4
__end_ofi2_mostrar_conteo              text38       000D20
__end_ofi2_mostrar_valor               text37       001D12
__end_ofi2_unidad                      text42       001D62
__end_oflcd_animacion_bienvenida@F3181 mediumconst  007E42
__initialization                       cinit        001AC4
__mediumconst                          mediumconst  007E2A
__pbssBANK0                            bssBANK0     000085
__pbssCOMRAM                           bssCOMRAM    000031
__pcinit                               cinit        001AC4
__pcstackBANK0                         cstackBANK0  000060
__pcstackCOMRAM                        cstackCOMRAM 000001
__pdataCOMRAM                          dataCOMRAM   000049
__pidataCOMRAM                         idataCOMRAM  001DA8
__pintcode                             intcode      000008
__pintcode_body                        intcode_body 000012
__pmediumconst                         mediumconst  007E2A
__ptext0                               text0        000442
__ptext1                               text1        0016B0
__ptext10                              text10       000B2C
__ptext11                              text11       0015D4
__ptext12                              text12       00136A
__ptext13                              text13       0014F0
__ptext14                              text14       001D3E
__ptext15                              text15       00171A
__ptext16                              text16       001916
__ptext17                              text17       0017DE
__ptext18                              text18       001B30
__ptext19                              text19       000EDC
__ptext2                               text2        0007F4
__ptext20                              text20       001C4E
__ptext21                              text21       0019DC
__ptext22                              text22       001BD8
__ptext23                              text23       001A54
__ptext24                              text24       001B5A
__ptext25                              text25       001D90
__ptext26                              text26       001D82
__ptext27                              text27       0013EC
__ptext28                              text28       001C72
__ptext29                              text29       000E06
__ptext3                               text3        001AFA
__ptext30                              text30       000D20
__ptext31                              text31       001224
__ptext32                              text32       001830
__ptext33                              text33       001D62
__ptext34                              text34       000FAE
__ptext35                              text35       001C28
__ptext37                              text37       001CF6
__ptext38                              text38       000C26
__ptext39                              text39       001642
__ptext4                               text4        0012D2
__ptext40                              text40       00146E
__ptext41                              text41       001562
__ptext42                              text42       001D50
__ptext43                              text43       00177C
__ptext44                              text44       001958
__ptext45                              text45       001882
__ptext46                              text46       00199A
__ptext47                              text47       001B84
__ptext48                              text48       001080
__ptext49                              text49       001C96
__ptext5                               text5        0018D4
__ptext50                              text50       001D72
__ptext51                              text51       001152
__ptext52                              text52       001A18
__ptext53                              text53       001C00
__ptext54                              text54       001A8C
__ptext55                              text55       001BAE
__ptext56                              text56       001D9C
__ptext57                              text57       001CBA
__ptext6                               text6        001D12
__ptext7                               text7        001D28
__ptext8                               text8        0009FC
__ptext9                               text9        001CDA
__ramtop                               ramtop       000800
__smallconst                           smallconst   000000
_beep_corto                            text7        001D28
_beep_largo                            text6        001D12
_btnRC0_ant                            bssCOMRAM    000045
_color                                 text15       00171A
_contador                              bssCOMRAM    00003D
_ctimeout                              bssCOMRAM    000047
_distancia                             bssCOMRAM    000043
_emergencia                            text5        0018D4
_estado                                bssCOMRAM    000041
_etimeout                              bssCOMRAM    000048
_explosion                             mediumconst  007E53
_inactividad                           bssCOMRAM    000039
_inicializar_hardware                  text4        0012D2
_input                                 bssCOMRAM    00003B
_lcd_animacion_bienvenida              text2        0007F4
_lcd_animacion_bienvenida$293          cstackBANK0  000077
_lcd_backlight                         dataCOMRAM   000049
_main                                  text0        000442
_mapa_teclas                           mediumconst  007E42
_mensaje_reset                         text1        0016B0
_mostrar_completado                    text13       0014F0
_mostrar_conteo                        text10       000B2C
_mostrar_valor                         text9        001CDA
_objetivo                              bssCOMRAM    00003F
_rpg                                   mediumconst  007E5B
_runner0                               mediumconst  007E73
_runner1                               mediumconst  007E6B
_runner2                               mediumconst  007E63
_saved_contador                        bssCOMRAM    000033
_saved_objetivo                        bssCOMRAM    000031
_unidad                                text14       001D3E
_vle                                   bssBANK0     000087
btemp                                  temp         00004A
color@i                                cstackCOMRAM 00001D
end_of_initialization                  cinit        001AEC
i2Lcd_Char@data                        cstackCOMRAM 000003
i2Lcd_Cmd@cmd                          cstackCOMRAM 000003
i2Lcd_Set_Cursor@column                cstackCOMRAM 000004
i2Lcd_Set_Cursor@pos                   cstackCOMRAM 000008
i2Lcd_Set_Cursor@row                   cstackCOMRAM 000005
i2Lcd_String@str                       cstackCOMRAM 000004
i2Transmitir@BufferT                   cstackCOMRAM 000001
i2Transmitir_Cadena@cadena             cstackCOMRAM 000002
i2Transmitir_Numero@valor              cstackCOMRAM 000009
i2_Lcd_Char                            text48       001080
i2_Lcd_Clear                           text50       001D72
i2_Lcd_Cmd                             text51       001152
i2_Lcd_Set_Cursor                      text49       001C96
i2_Lcd_Set_Cursor$201                  cstackCOMRAM 000006
i2_Lcd_String                          text47       001B84
i2_Transmitir                          text56       001D9C
i2_Transmitir_Cadena                   text55       001BAE
i2_Transmitir_Numero                   text52       001A18
i2___awdiv                             text40       00146E
i2___awdiv@counter                     cstackCOMRAM 000005
i2___awdiv@dividend                    cstackCOMRAM 000001
i2___awdiv@divisor                     cstackCOMRAM 000003
i2___awdiv@quotient                    cstackCOMRAM 000007
i2___awdiv@sign                        cstackCOMRAM 000006
i2___awmod                             text39       001642
i2___awmod@counter                     cstackCOMRAM 000005
i2___awmod@dividend                    cstackCOMRAM 000001
i2___awmod@divisor                     cstackCOMRAM 000003
i2___awmod@sign                        cstackCOMRAM 000006
i2___lbdiv                             text54       001A8C
i2___lbdiv@counter                     cstackCOMRAM 000003
i2___lbdiv@dividend                    cstackCOMRAM 000002
i2___lbdiv@divisor                     cstackCOMRAM 000001
i2___lbdiv@quotient                    cstackCOMRAM 000004
i2___lbmod                             text53       001C00
i2___lbmod@counter                     cstackCOMRAM 000007
i2___lbmod@dividend                    cstackCOMRAM 000006
i2___lbmod@divisor                     cstackCOMRAM 000005
i2___lbmod@rem                         cstackCOMRAM 000008
i2___lwdiv                             text45       001882
i2___lwdiv@counter                     cstackCOMRAM 000007
i2___lwdiv@dividend                    cstackCOMRAM 000001
i2___lwdiv@divisor                     cstackCOMRAM 000003
i2___lwdiv@quotient                    cstackCOMRAM 000005
i2___lwmod                             text44       001958
i2___lwmod@counter                     cstackCOMRAM 000005
i2___lwmod@dividend                    cstackCOMRAM 000001
i2___lwmod@divisor                     cstackCOMRAM 000003
i2_color                               text43       00177C
i2_emergencia                          text46       00199A
i2_mostrar_completado                  text41       001562
i2_mostrar_conteo                      text38       000C26
i2_mostrar_valor                       text37       001CF6
i2_unidad                              text42       001D50
i2color@i                              cstackCOMRAM 000008
i2mostrar_conteo@faltan                cstackCOMRAM 00000C
i2unidad@i                             cstackCOMRAM 000006
int$flags                              temp         00004A
int_func                               intcode_body 000012
intlevel0                              text         000000
intlevel1                              text         000000
intlevel2                              text         000000
intlevel3                              text         000000
isa$std                                (abs)        000001
isa$xinst                              (abs)        000000
lcd_animacion_bienvenida@F3181         mediumconst  007E2B
lcd_animacion_bienvenida@c             cstackBANK0  00007D
lcd_animacion_bienvenida@i             cstackBANK0  00007B
lcd_animacion_bienvenida@j             cstackBANK0  00007E
lcd_animacion_bienvenida@mensaje       cstackBANK0  000060
lcd_animacion_bienvenida@offset        cstackBANK0  000080
lcd_animacion_bienvenida@pasos         cstackBANK0  000079
main@tecla                             cstackBANK0  000084
mostrar_conteo@faltan                  cstackCOMRAM 000021
stackhi                                (abs)        000000
stacklo                                (abs)        000000
start                                  init         00000E
start_initialization                   cinit        001AC4
ttemp5                                 temp         00004B
ttemp6                                 temp         00004E
ttemp7                                 temp         000052
unidad@i                               cstackCOMRAM 00001B
wtemp8                                 temp         00004B


MODULE INFORMATION

Module		Function		Class		Link	Load	Size
C:\Program Files\Microchip\xc8\v2.50\pic\sources\c90\common\lbdiv.c
		___lbdiv       		CODE           	1A54	0000	56

C:\Program Files\Microchip\xc8\v2.50\pic\sources\c90\common\lbdiv.c estimated size: 56

C:\Program Files\Microchip\xc8\v2.50\pic\sources\c90\common\float.c
		___ftpack      		CODE           	1224	0000	174

C:\Program Files\Microchip\xc8\v2.50\pic\sources\c90\common\float.c estimated size: 174

C:\Program Files\Microchip\xc8\v2.50\pic\sources\c90\common\lwmod.c
		___lwmod       		CODE           	1916	0000	66

C:\Program Files\Microchip\xc8\v2.50\pic\sources\c90\common\lwmod.c estimated size: 66

EEPROM_Libreria.c
		_EEPROM_Lectura		CODE           	1D82	0000	14
		_EEPROM_Guardar		CODE           	1C28	0000	38

EEPROM_Libreria.c estimated size: 52

C:\Program Files\Microchip\xc8\v2.50\pic\sources\c90\common\awmod.c
		___awmod       		CODE           	15D4	0000	110

C:\Program Files\Microchip\xc8\v2.50\pic\sources\c90\common\awmod.c estimated size: 110

Laboratorio_6.c
		_beep_corto    		CODE           	1D28	0000	22
		_mostrar_valor 		CODE           	1CDA	0000	28
		_ISR           		CODE           	0008	0000	1078
		_mostrar_conteo		CODE           	0B2C	0000	250
		_main          		CODE           	0442	0000	946
		_color         		CODE           	171A	0000	98
		_inicializar_hardware		CODE           	12D2	0000	152
		_RestaurarOC   		CODE           	09FC	0000	304
		_beep_largo    		CODE           	1D12	0000	22
		_mostrar_completado		CODE           	14F0	0000	114
		_Transmitir    		CODE           	1D90	0000	12
		_Transmitir_Cadena		CODE           	1B5A	0000	42
		_lcd_animacion_bienvenida		CODE           	07F4	0000	520
		_emergencia    		CODE           	18D4	0000	66
		_mensaje_reset 		CODE           	16B0	0000	106
		_ConversionADC 		CODE           	1CBA	0000	32
		_unidad        		CODE           	1D3E	0000	18
		_MedirDistancia		CODE           	13EC	0000	130
		_Transmitir_Numero		CODE           	19DC	0000	60

Laboratorio_6.c estimated size: 4000

C:\Program Files\Microchip\xc8\v2.50\pic\sources\c90\common\ftdiv.c
		___ftdiv       		CODE           	0D20	0000	230

C:\Program Files\Microchip\xc8\v2.50\pic\sources\c90\common\ftdiv.c estimated size: 230

C:\Program Files\Microchip\xc8\v2.50\pic\sources\c90\common\lwdiv.c
		___lwdiv       		CODE           	17DE	0000	82

C:\Program Files\Microchip\xc8\v2.50\pic\sources\c90\common\lwdiv.c estimated size: 82

shared
		i2___lbdiv     		CODE           	1A8C	0000	56
		_rpg           		MEDIUMCONST    	7E5B	0000	8
		i2_Transmitir_Numero		CODE           	1A18	0000	60
		i2_mostrar_conteo		CODE           	0C26	0000	250
		i2___lbmod     		CODE           	1C00	0000	40
		_mapa_teclas   		MEDIUMCONST    	7E42	0000	17
		i2___lwdiv     		CODE           	1882	0000	82
		_runner1       		MEDIUMCONST    	7E6B	0000	8
		i2_mostrar_completado		CODE           	1562	0000	114
		i2___awdiv     		CODE           	146E	0000	130
		i2_unidad      		CODE           	1D50	0000	18
		i2_Transmitir_Cadena		CODE           	1BAE	0000	42
		i2_Lcd_Cmd     		CODE           	1152	0000	210
		i2___lwmod     		CODE           	1958	0000	66
		i2_Lcd_Char    		CODE           	1080	0000	210
		i2_Lcd_Clear   		CODE           	1D72	0000	16
		__initialization		CODE           	1AC4	0000	40
		i2_Lcd_String  		CODE           	1B84	0000	42
		i2___awmod     		CODE           	1642	0000	110
		_runner0       		MEDIUMCONST    	7E73	0000	8
		i2_mostrar_valor		CODE           	1CF6	0000	28
		i2_Lcd_Set_Cursor		CODE           	1C96	0000	36
		lcd_animacion_bienvenida@F3181		MEDIUMCONST    	7E2B	0000	23
		i2_color       		CODE           	177C	0000	98
		_explosion     		MEDIUMCONST    	7E53	0000	8
		i2_Transmitir  		CODE           	1D9C	0000	12
		i2_emergencia  		CODE           	199A	0000	66
		_runner2       		MEDIUMCONST    	7E63	0000	8

shared estimated size: 1806

C:\Program Files\Microchip\xc8\v2.50\pic\sources\c90\common\lbmod.c
		___lbmod       		CODE           	1BD8	0000	40

C:\Program Files\Microchip\xc8\v2.50\pic\sources\c90\common\lbmod.c estimated size: 40

C:\Program Files\Microchip\xc8\v2.50\pic\sources\c90\common\fttol.c
		___fttol       		CODE           	0E06	0000	214

C:\Program Files\Microchip\xc8\v2.50\pic\sources\c90\common\fttol.c estimated size: 214

lcd.c
		_Lcd_String    		CODE           	1B30	0000	42
		_Lcd_Init      		CODE           	1830	0000	82
		_Lcd_Cmd       		CODE           	0FAE	0000	210
		_Lcd_Char      		CODE           	0EDC	0000	210
		_Lcd_Set_Cursor		CODE           	1C4E	0000	36
		_Lcd_Clear     		CODE           	1D62	0000	16
		_LCD_CrearCaracter		CODE           	1AFA	0000	54

lcd.c estimated size: 650

C:\Program Files\Microchip\xc8\v2.50\pic\sources\c90\common\awdiv.c
		___awdiv       		CODE           	136A	0000	130

C:\Program Files\Microchip\xc8\v2.50\pic\sources\c90\common\awdiv.c estimated size: 130

C:\Program Files\Microchip\xc8\v2.50\pic\sources\c90\common\lwtoft.c
		___lwtoft      		CODE           	1C72	0000	36

C:\Program Files\Microchip\xc8\v2.50\pic\sources\c90\common\lwtoft.c estimated size: 36

