MPLINK 5.08, LINKER
Linker Map File - Created Sat May 24 01:30:09 2025

                                 Section Info
                  Section       Type    Address   Location Size(Bytes)
                ---------  ---------  ---------  ---------  ---------
                   .org_0       code   0x000000    program   0x000000
                   .org_1       code   0x000000    program   0x000004
                   .org_2       code   0x000008    program   0x000004
                   .org_3       code   0x000018    program   0x000108
.config_300000_LABORATORIO_3.O    romdata   0x300000    program   0x000001
.config_300001_LABORATORIO_3.O    romdata   0x300001    program   0x000001
.config_300002_LABORATORIO_3.O    romdata   0x300002    program   0x000001
.config_300003_LABORATORIO_3.O    romdata   0x300003    program   0x000001
.config_300005_LABORATORIO_3.O    romdata   0x300005    program   0x000001
.config_300006_LABORATORIO_3.O    romdata   0x300006    program   0x000001
.config_300008_LABORATORIO_3.O    romdata   0x300008    program   0x000001
.config_300009_LABORATORIO_3.O    romdata   0x300009    program   0x000001
.config_30000A_LABORATORIO_3.O    romdata   0x30000a    program   0x000001
.config_30000B_LABORATORIO_3.O    romdata   0x30000b    program   0x000001
.config_30000C_LABORATORIO_3.O    romdata   0x30000c    program   0x000001
.config_30000D_LABORATORIO_3.O    romdata   0x30000d    program   0x000001



                              Program Memory Usage 
                               Start         End      
                           ---------   ---------      
                            0x000000    0x000003      
                            0x000008    0x00000b      
                            0x000018    0x00011f      
                            0x300000    0x300003      
                            0x300005    0x300006      
                            0x300008    0x30000d      
            284 out of 33048 program addresses used, program memory utilization is 0%



                              Symbols - Sorted by Name
                     Name    Address   Location    Storage File                     
                ---------  ---------  ---------  --------- ---------                
                 AMARILLO   0x00010c    program     static C:\Users\USER\Desktop\Archivos U\Microcontroladores\Microcontroladores\Laboratorios\Lab3\laboratorio_3.X\laboratorio_3.asm
                     AZUL   0x0000fa    program     static C:\Users\USER\Desktop\Archivos U\Microcontroladores\Microcontroladores\Laboratorios\Lab3\laboratorio_3.X\laboratorio_3.asm
                   BLANCO   0x000112    program     static C:\Users\USER\Desktop\Archivos U\Microcontroladores\Microcontroladores\Laboratorios\Lab3\laboratorio_3.X\laboratorio_3.asm
                     CYAN   0x000100    program     static C:\Users\USER\Desktop\Archivos U\Microcontroladores\Microcontroladores\Laboratorios\Lab3\laboratorio_3.X\laboratorio_3.asm
                     Cero   0x0000b6    program     static C:\Users\USER\Desktop\Archivos U\Microcontroladores\Microcontroladores\Laboratorios\Lab3\laboratorio_3.X\laboratorio_3.asm
                      INC   0x00009e    program     static C:\Users\USER\Desktop\Archivos U\Microcontroladores\Microcontroladores\Laboratorios\Lab3\laboratorio_3.X\laboratorio_3.asm
                     ISRH   0x000090    program     static C:\Users\USER\Desktop\Archivos U\Microcontroladores\Microcontroladores\Laboratorios\Lab3\laboratorio_3.X\laboratorio_3.asm
                     ISRL   0x000068    program     static C:\Users\USER\Desktop\Archivos U\Microcontroladores\Microcontroladores\Laboratorios\Lab3\laboratorio_3.X\laboratorio_3.asm
                   Inicio   0x00001c    program     static C:\Users\USER\Desktop\Archivos U\Microcontroladores\Microcontroladores\Laboratorios\Lab3\laboratorio_3.X\laboratorio_3.asm
                   LED1HZ   0x000082    program     static C:\Users\USER\Desktop\Archivos U\Microcontroladores\Microcontroladores\Laboratorios\Lab3\laboratorio_3.X\laboratorio_3.asm
                  MAGENTA   0x0000f4    program     static C:\Users\USER\Desktop\Archivos U\Microcontroladores\Microcontroladores\Laboratorios\Lab3\laboratorio_3.X\laboratorio_3.asm
                     Main   0x000064    program     static C:\Users\USER\Desktop\Archivos U\Microcontroladores\Microcontroladores\Laboratorios\Lab3\laboratorio_3.X\laboratorio_3.asm
                Reiniciar   0x000076    program     static C:\Users\USER\Desktop\Archivos U\Microcontroladores\Microcontroladores\Laboratorios\Lab3\laboratorio_3.X\laboratorio_3.asm
                     STOP   0x000118    program     static C:\Users\USER\Desktop\Archivos U\Microcontroladores\Microcontroladores\Laboratorios\Lab3\laboratorio_3.X\laboratorio_3.asm
                    VERDE   0x000106    program     static C:\Users\USER\Desktop\Archivos U\Microcontroladores\Microcontroladores\Laboratorios\Lab3\laboratorio_3.X\laboratorio_3.asm



                              Symbols - Sorted by Address
                     Name    Address   Location    Storage File                     
                ---------  ---------  ---------  --------- ---------                
                   Inicio   0x00001c    program     static C:\Users\USER\Desktop\Archivos U\Microcontroladores\Microcontroladores\Laboratorios\Lab3\laboratorio_3.X\laboratorio_3.asm
                     Main   0x000064    program     static C:\Users\USER\Desktop\Archivos U\Microcontroladores\Microcontroladores\Laboratorios\Lab3\laboratorio_3.X\laboratorio_3.asm
                     ISRL   0x000068    program     static C:\Users\USER\Desktop\Archivos U\Microcontroladores\Microcontroladores\Laboratorios\Lab3\laboratorio_3.X\laboratorio_3.asm
                Reiniciar   0x000076    program     static C:\Users\USER\Desktop\Archivos U\Microcontroladores\Microcontroladores\Laboratorios\Lab3\laboratorio_3.X\laboratorio_3.asm
                   LED1HZ   0x000082    program     static C:\Users\USER\Desktop\Archivos U\Microcontroladores\Microcontroladores\Laboratorios\Lab3\laboratorio_3.X\laboratorio_3.asm
                     ISRH   0x000090    program     static C:\Users\USER\Desktop\Archivos U\Microcontroladores\Microcontroladores\Laboratorios\Lab3\laboratorio_3.X\laboratorio_3.asm
                      INC   0x00009e    program     static C:\Users\USER\Desktop\Archivos U\Microcontroladores\Microcontroladores\Laboratorios\Lab3\laboratorio_3.X\laboratorio_3.asm
                     Cero   0x0000b6    program     static C:\Users\USER\Desktop\Archivos U\Microcontroladores\Microcontroladores\Laboratorios\Lab3\laboratorio_3.X\laboratorio_3.asm
                  MAGENTA   0x0000f4    program     static C:\Users\USER\Desktop\Archivos U\Microcontroladores\Microcontroladores\Laboratorios\Lab3\laboratorio_3.X\laboratorio_3.asm
                     AZUL   0x0000fa    program     static C:\Users\USER\Desktop\Archivos U\Microcontroladores\Microcontroladores\Laboratorios\Lab3\laboratorio_3.X\laboratorio_3.asm
                     CYAN   0x000100    program     static C:\Users\USER\Desktop\Archivos U\Microcontroladores\Microcontroladores\Laboratorios\Lab3\laboratorio_3.X\laboratorio_3.asm
                    VERDE   0x000106    program     static C:\Users\USER\Desktop\Archivos U\Microcontroladores\Microcontroladores\Laboratorios\Lab3\laboratorio_3.X\laboratorio_3.asm
                 AMARILLO   0x00010c    program     static C:\Users\USER\Desktop\Archivos U\Microcontroladores\Microcontroladores\Laboratorios\Lab3\laboratorio_3.X\laboratorio_3.asm
                   BLANCO   0x000112    program     static C:\Users\USER\Desktop\Archivos U\Microcontroladores\Microcontroladores\Laboratorios\Lab3\laboratorio_3.X\laboratorio_3.asm
                     STOP   0x000118    program     static C:\Users\USER\Desktop\Archivos U\Microcontroladores\Microcontroladores\Laboratorios\Lab3\laboratorio_3.X\laboratorio_3.asm


